Archive member included to satisfy reference by file (symbol)

c:/intelfpga_lite/18.1/nios2eds/bin/gnu/h-x86_64-mingw32/bin/../lib/gcc/nios2-elf/5.3.0/mno-hw-mul\libgcc.a(lib2-divmod.o)
                              obj/default/main.o (__divsi3)
../bsp\libhal_bsp.a(alt_irq_register.o)
                              obj/default/main.o (alt_irq_register)
../bsp\libhal_bsp.a(alt_irq_vars.o)
                              ../bsp\libhal_bsp.a(alt_irq_register.o) (alt_irq_active)
../bsp\libhal_bsp.a(alt_load.o)
                              ../bsp/obj/HAL/src/crt0.o (alt_load)
../bsp\libhal_bsp.a(alt_main.o)
                              ../bsp/obj/HAL/src/crt0.o (alt_main)
../bsp\libhal_bsp.a(alt_sys_init.o)
                              ../bsp\libhal_bsp.a(alt_main.o) (alt_irq_init)
../bsp\libhal_bsp.a(altera_avalon_jtag_uart_fd.o)
                              ../bsp\libhal_bsp.a(alt_sys_init.o) (altera_avalon_jtag_uart_read_fd)
../bsp\libhal_bsp.a(altera_avalon_jtag_uart_init.o)
                              ../bsp\libhal_bsp.a(alt_sys_init.o) (altera_avalon_jtag_uart_init)
../bsp\libhal_bsp.a(altera_avalon_jtag_uart_ioctl.o)
                              ../bsp\libhal_bsp.a(altera_avalon_jtag_uart_fd.o) (altera_avalon_jtag_uart_ioctl)
../bsp\libhal_bsp.a(altera_avalon_jtag_uart_read.o)
                              ../bsp\libhal_bsp.a(altera_avalon_jtag_uart_fd.o) (altera_avalon_jtag_uart_read)
../bsp\libhal_bsp.a(altera_avalon_jtag_uart_write.o)
                              ../bsp\libhal_bsp.a(altera_avalon_jtag_uart_fd.o) (altera_avalon_jtag_uart_write)
../bsp\libhal_bsp.a(altera_avalon_timer_sc.o)
                              ../bsp\libhal_bsp.a(alt_sys_init.o) (alt_avalon_timer_sc_init)
../bsp\libhal_bsp.a(alt_alarm_start.o)
                              ../bsp\libhal_bsp.a(altera_avalon_jtag_uart_init.o) (alt_alarm_start)
../bsp\libhal_bsp.a(alt_close.o)
                              ../bsp\libhal_bsp.a(alt_main.o) (close)
../bsp\libhal_bsp.a(alt_dcache_flush_all.o)
                              ../bsp\libhal_bsp.a(alt_load.o) (alt_dcache_flush_all)
../bsp\libhal_bsp.a(alt_dev.o)
                              ../bsp\libhal_bsp.a(alt_sys_init.o) (alt_dev_list)
../bsp\libhal_bsp.a(alt_dev_llist_insert.o)
                              ../bsp\libhal_bsp.a(alt_sys_init.o) (alt_dev_llist_insert)
../bsp\libhal_bsp.a(alt_do_ctors.o)
                              ../bsp\libhal_bsp.a(alt_main.o) (_do_ctors)
../bsp\libhal_bsp.a(alt_do_dtors.o)
                              ../bsp\libhal_bsp.a(alt_main.o) (_do_dtors)
../bsp\libhal_bsp.a(alt_errno.o)
                              ../bsp\libhal_bsp.a(alt_close.o) (alt_errno)
../bsp\libhal_bsp.a(alt_icache_flush_all.o)
                              ../bsp\libhal_bsp.a(alt_load.o) (alt_icache_flush_all)
../bsp\libhal_bsp.a(alt_iic.o)
                              ../bsp\libhal_bsp.a(altera_avalon_jtag_uart_init.o) (alt_ic_isr_register)
../bsp\libhal_bsp.a(alt_iic_isr_register.o)
                              ../bsp\libhal_bsp.a(alt_iic.o) (alt_iic_isr_register)
../bsp\libhal_bsp.a(alt_io_redirect.o)
                              ../bsp\libhal_bsp.a(alt_main.o) (alt_io_redirect)
../bsp\libhal_bsp.a(alt_irq_entry.o)
                              ../bsp\libhal_bsp.a(alt_irq_register.o) (alt_irq_entry)
../bsp\libhal_bsp.a(alt_irq_handler.o)
                              ../bsp\libhal_bsp.a(alt_irq_register.o) (alt_irq)
../bsp\libhal_bsp.a(alt_open.o)
                              ../bsp\libhal_bsp.a(alt_io_redirect.o) (open)
../bsp\libhal_bsp.a(alt_release_fd.o)
                              ../bsp\libhal_bsp.a(alt_close.o) (alt_release_fd)
../bsp\libhal_bsp.a(alt_tick.o)
                              ../bsp\libhal_bsp.a(altera_avalon_jtag_uart_init.o) (_alt_tick_rate)
../bsp\libhal_bsp.a(altera_nios2_gen2_irq.o)
                              ../bsp\libhal_bsp.a(alt_sys_init.o) (altera_nios2_gen2_irq_init)
../bsp\libhal_bsp.a(alt_exception_entry.o)
                              ../bsp\libhal_bsp.a(alt_irq_entry.o) (alt_exception)
../bsp\libhal_bsp.a(alt_find_dev.o)
                              ../bsp\libhal_bsp.a(alt_open.o) (alt_find_dev)
../bsp\libhal_bsp.a(alt_find_file.o)
                              ../bsp\libhal_bsp.a(alt_open.o) (alt_find_file)
../bsp\libhal_bsp.a(alt_get_fd.o)
                              ../bsp\libhal_bsp.a(alt_open.o) (alt_get_fd)
../bsp\libhal_bsp.a(alt_instruction_exception_entry.o)
                              ../bsp\libhal_bsp.a(alt_exception_entry.o) (alt_instruction_exception_entry)
c:/intelfpga_lite/18.1/nios2eds/bin/gnu/h-x86_64-mingw32/bin/../lib/gcc/nios2-elf/5.3.0/../../../../../H-x86_64-mingw32/nios2-elf/lib/mno-hw-mul\libc.a(lib_a-atexit.o)
                              ../bsp\libhal_bsp.a(alt_main.o) (atexit)
c:/intelfpga_lite/18.1/nios2eds/bin/gnu/h-x86_64-mingw32/bin/../lib/gcc/nios2-elf/5.3.0/../../../../../H-x86_64-mingw32/nios2-elf/lib/mno-hw-mul\libc.a(lib_a-exit.o)
                              ../bsp\libhal_bsp.a(alt_main.o) (exit)
c:/intelfpga_lite/18.1/nios2eds/bin/gnu/h-x86_64-mingw32/bin/../lib/gcc/nios2-elf/5.3.0/../../../../../H-x86_64-mingw32/nios2-elf/lib/mno-hw-mul\libc.a(lib_a-impure.o)
                              c:/intelfpga_lite/18.1/nios2eds/bin/gnu/h-x86_64-mingw32/bin/../lib/gcc/nios2-elf/5.3.0/../../../../../H-x86_64-mingw32/nios2-elf/lib/mno-hw-mul\libc.a(lib_a-exit.o) (_global_impure_ptr)
c:/intelfpga_lite/18.1/nios2eds/bin/gnu/h-x86_64-mingw32/bin/../lib/gcc/nios2-elf/5.3.0/../../../../../H-x86_64-mingw32/nios2-elf/lib/mno-hw-mul\libc.a(lib_a-int_errno.o)
                              ../bsp\libhal_bsp.a(alt_close.o) (errno)
c:/intelfpga_lite/18.1/nios2eds/bin/gnu/h-x86_64-mingw32/bin/../lib/gcc/nios2-elf/5.3.0/../../../../../H-x86_64-mingw32/nios2-elf/lib/mno-hw-mul\libc.a(lib_a-memcmp.o)
                              ../bsp\libhal_bsp.a(alt_find_dev.o) (memcmp)
c:/intelfpga_lite/18.1/nios2eds/bin/gnu/h-x86_64-mingw32/bin/../lib/gcc/nios2-elf/5.3.0/../../../../../H-x86_64-mingw32/nios2-elf/lib/mno-hw-mul\libc.a(lib_a-memcpy.o)
                              ../bsp\libhal_bsp.a(altera_avalon_jtag_uart_read.o) (memcpy)
c:/intelfpga_lite/18.1/nios2eds/bin/gnu/h-x86_64-mingw32/bin/../lib/gcc/nios2-elf/5.3.0/../../../../../H-x86_64-mingw32/nios2-elf/lib/mno-hw-mul\libc.a(lib_a-strlen.o)
                              ../bsp\libhal_bsp.a(alt_find_dev.o) (strlen)
c:/intelfpga_lite/18.1/nios2eds/bin/gnu/h-x86_64-mingw32/bin/../lib/gcc/nios2-elf/5.3.0/../../../../../H-x86_64-mingw32/nios2-elf/lib/mno-hw-mul\libc.a(lib_a-__atexit.o)
                              c:/intelfpga_lite/18.1/nios2eds/bin/gnu/h-x86_64-mingw32/bin/../lib/gcc/nios2-elf/5.3.0/../../../../../H-x86_64-mingw32/nios2-elf/lib/mno-hw-mul\libc.a(lib_a-atexit.o) (__register_exitproc)
c:/intelfpga_lite/18.1/nios2eds/bin/gnu/h-x86_64-mingw32/bin/../lib/gcc/nios2-elf/5.3.0/../../../../../H-x86_64-mingw32/nios2-elf/lib/mno-hw-mul\libc.a(lib_a-__call_atexit.o)
                              c:/intelfpga_lite/18.1/nios2eds/bin/gnu/h-x86_64-mingw32/bin/../lib/gcc/nios2-elf/5.3.0/../../../../../H-x86_64-mingw32/nios2-elf/lib/mno-hw-mul\libc.a(lib_a-exit.o) (__call_exitprocs)
c:/intelfpga_lite/18.1/nios2eds/bin/gnu/h-x86_64-mingw32/bin/../lib/gcc/nios2-elf/5.3.0/mno-hw-mul\libgcc.a(lib2-mul.o)
                              ../bsp\libhal_bsp.a(alt_close.o) (__mulsi3)
../bsp\libhal_bsp.a(alt_exit.o)
                              c:/intelfpga_lite/18.1/nios2eds/bin/gnu/h-x86_64-mingw32/bin/../lib/gcc/nios2-elf/5.3.0/../../../../../H-x86_64-mingw32/nios2-elf/lib/mno-hw-mul\libc.a(lib_a-exit.o) (_exit)

Allocating common symbols
Common symbol       size              file

alt_irq             0x100             ../bsp\libhal_bsp.a(alt_irq_handler.o)
sig_timer           0x1               obj/default/main.o
errno               0x4               c:/intelfpga_lite/18.1/nios2eds/bin/gnu/h-x86_64-mingw32/bin/../lib/gcc/nios2-elf/5.3.0/../../../../../H-x86_64-mingw32/nios2-elf/lib/mno-hw-mul\libc.a(lib_a-int_errno.o)

Memory Configuration

Name             Origin             Length             Attributes
reset            0x0000000000010000 0x0000000000000020
onchip_memory2_0 0x0000000000010020 0x0000000000009c20
*default*        0x0000000000000000 0xffffffffffffffff

Linker script and memory map

LOAD ../bsp/obj/HAL/src/crt0.o
LOAD obj/default/main.o
LOAD c:/intelfpga_lite/18.1/nios2eds/bin/gnu/h-x86_64-mingw32/bin/../lib/gcc/nios2-elf/5.3.0/../../../../../H-x86_64-mingw32/nios2-elf/lib/mno-hw-mul\libstdc++.a
LOAD c:/intelfpga_lite/18.1/nios2eds/bin/gnu/h-x86_64-mingw32/bin/../lib/gcc/nios2-elf/5.3.0/../../../../../H-x86_64-mingw32/nios2-elf/lib/mno-hw-mul\libm.a
LOAD c:/intelfpga_lite/18.1/nios2eds/bin/gnu/h-x86_64-mingw32/bin/../lib/gcc/nios2-elf/5.3.0/mno-hw-mul\libgcc.a
START GROUP
LOAD c:/intelfpga_lite/18.1/nios2eds/bin/gnu/h-x86_64-mingw32/bin/../lib/gcc/nios2-elf/5.3.0/../../../../../H-x86_64-mingw32/nios2-elf/lib/mno-hw-mul\libc.a
LOAD c:/intelfpga_lite/18.1/nios2eds/bin/gnu/h-x86_64-mingw32/bin/../lib/gcc/nios2-elf/5.3.0/mno-hw-mul\libgcc.a
LOAD ../bsp\libhal_bsp.a
LOAD c:/intelfpga_lite/18.1/nios2eds/bin/gnu/h-x86_64-mingw32/bin/../lib/gcc/nios2-elf/5.3.0/../../../../../H-x86_64-mingw32/nios2-elf/lib/mno-hw-mul\libm.a
END GROUP
LOAD c:/intelfpga_lite/18.1/nios2eds/bin/gnu/h-x86_64-mingw32/bin/../lib/gcc/nios2-elf/5.3.0/mno-hw-mul\libgcc.a
                0x0000000000010000                __alt_mem_onchip_memory2_0 = 0x10000

.entry          0x0000000000010000       0x20
 *(.entry)
 .entry         0x0000000000010000       0x20 ../bsp/obj/HAL/src/crt0.o
                0x0000000000010000                __reset

.exceptions     0x0000000000010020      0x210
                0x0000000000010020                PROVIDE (__ram_exceptions_start, ABSOLUTE (.))
                0x0000000000010020                . = ALIGN (0x20)
 *(.irq)
 *(.exceptions.entry.label)
 .exceptions.entry.label
                0x0000000000010020        0x0 ../bsp\libhal_bsp.a(alt_irq_entry.o)
                0x0000000000010020                alt_irq_entry
 .exceptions.entry.label
                0x0000000000010020        0x0 ../bsp\libhal_bsp.a(alt_exception_entry.o)
                0x0000000000010020                alt_exception
 *(.exceptions.entry.user)
 *(.exceptions.entry.ecc_fatal)
 *(.exceptions.entry)
 .exceptions.entry
                0x0000000000010020       0x54 ../bsp\libhal_bsp.a(alt_exception_entry.o)
 *(.exceptions.irqtest.user)
 *(.exceptions.irqtest)
 .exceptions.irqtest
                0x0000000000010074       0x10 ../bsp\libhal_bsp.a(alt_irq_entry.o)
 *(.exceptions.irqhandler.user)
 *(.exceptions.irqhandler)
 .exceptions.irqhandler
                0x0000000000010084        0x4 ../bsp\libhal_bsp.a(alt_irq_entry.o)
 *(.exceptions.irqreturn.user)
 *(.exceptions.irqreturn)
 .exceptions.irqreturn
                0x0000000000010088        0x4 ../bsp\libhal_bsp.a(alt_irq_entry.o)
 *(.exceptions.notirq.label)
 .exceptions.notirq.label
                0x000000000001008c        0x0 ../bsp\libhal_bsp.a(alt_irq_entry.o)
 *(.exceptions.notirq.user)
 *(.exceptions.notirq)
 .exceptions.notirq
                0x000000000001008c        0x8 ../bsp\libhal_bsp.a(alt_exception_entry.o)
 *(.exceptions.soft.user)
 *(.exceptions.soft)
 *(.exceptions.unknown.user)
 *(.exceptions.unknown)
 .exceptions.unknown
                0x0000000000010094       0x14 ../bsp\libhal_bsp.a(alt_exception_entry.o)
 *(.exceptions.exit.label)
 .exceptions.exit.label
                0x00000000000100a8        0x0 ../bsp\libhal_bsp.a(alt_irq_entry.o)
 .exceptions.exit.label
                0x00000000000100a8        0x0 ../bsp\libhal_bsp.a(alt_exception_entry.o)
 *(.exceptions.exit.user)
 *(.exceptions.exit)
 .exceptions.exit
                0x00000000000100a8       0x54 ../bsp\libhal_bsp.a(alt_exception_entry.o)
 *(.exceptions)
 .exceptions    0x00000000000100fc       0xd4 ../bsp\libhal_bsp.a(alt_irq_handler.o)
                0x00000000000100fc                alt_irq_handler
 .exceptions    0x00000000000101d0       0x60 ../bsp\libhal_bsp.a(alt_instruction_exception_entry.o)
                0x00000000000101d0                alt_instruction_exception_entry
                0x0000000000010230                PROVIDE (__ram_exceptions_end, ABSOLUTE (.))
                0x0000000000010020                PROVIDE (__flash_exceptions_start, LOADADDR (.exceptions))

.text           0x0000000000010230     0x2844
                [!provide]                        PROVIDE (stext, ABSOLUTE (.))
 *(.interp)
 *(.hash)
 *(.dynsym)
 *(.dynstr)
 *(.gnu.version)
 *(.gnu.version_d)
 *(.gnu.version_r)
 *(.rel.init)
 *(.rela.init)
 *(.rel.text .rel.text.* .rel.gnu.linkonce.t.*)
 *(.rela.text .rela.text.* .rela.gnu.linkonce.t.*)
 *(.rel.fini)
 *(.rela.fini)
 *(.rel.rodata .rel.rodata.* .rel.gnu.linkonce.r.*)
 *(.rela.rodata .rela.rodata.* .rela.gnu.linkonce.r.*)
 *(.rel.data .rel.data.* .rel.gnu.linkonce.d.*)
 *(.rela.data .rela.data.* .rela.gnu.linkonce.d.*)
 *(.rel.tdata .rel.tdata.* .rel.gnu.linkonce.td.*)
 *(.rela.tdata .rela.tdata.* .rela.gnu.linkonce.td.*)
 *(.rel.tbss .rel.tbss.* .rel.gnu.linkonce.tb.*)
 *(.rela.tbss .rela.tbss.* .rela.gnu.linkonce.tb.*)
 *(.rel.ctors)
 *(.rela.ctors)
 *(.rel.dtors)
 *(.rela.dtors)
 *(.rel.got)
 *(.rela.got)
 *(.rel.sdata .rel.sdata.* .rel.gnu.linkonce.s.*)
 *(.rela.sdata .rela.sdata.* .rela.gnu.linkonce.s.*)
 *(.rel.sbss .rel.sbss.* .rel.gnu.linkonce.sb.*)
 *(.rela.sbss .rela.sbss.* .rela.gnu.linkonce.sb.*)
 *(.rel.sdata2 .rel.sdata2.* .rel.gnu.linkonce.s2.*)
 *(.rela.sdata2 .rela.sdata2.* .rela.gnu.linkonce.s2.*)
 *(.rel.sbss2 .rel.sbss2.* .rel.gnu.linkonce.sb2.*)
 *(.rela.sbss2 .rela.sbss2.* .rela.gnu.linkonce.sb2.*)
 *(.rel.bss .rel.bss.* .rel.gnu.linkonce.b.*)
 *(.rela.bss .rela.bss.* .rela.gnu.linkonce.b.*)
 *(.rel.plt)
 *(.rela.plt)
 *(.rel.dyn)
 *(.init)
 *(.plt)
 *(.text .stub .text.* .gnu.linkonce.t.*)
 .text          0x0000000000010230       0x3c ../bsp/obj/HAL/src/crt0.o
                0x0000000000010230                _start
 .text          0x000000000001026c      0x194 obj/default/main.o
                0x00000000000102ac                main
 .text          0x0000000000010400      0x1b4 c:/intelfpga_lite/18.1/nios2eds/bin/gnu/h-x86_64-mingw32/bin/../lib/gcc/nios2-elf/5.3.0/mno-hw-mul\libgcc.a(lib2-divmod.o)
                0x0000000000010400                __divsi3
                0x0000000000010484                __modsi3
                0x00000000000104f8                __udivsi3
                0x000000000001055c                __umodsi3
 .text          0x00000000000105b4      0x180 ../bsp\libhal_bsp.a(alt_irq_register.o)
                0x00000000000105b4                alt_irq_register
 .text          0x0000000000010734        0x0 ../bsp\libhal_bsp.a(alt_irq_vars.o)
 .text          0x0000000000010734       0xec ../bsp\libhal_bsp.a(alt_load.o)
                0x000000000001079c                alt_load
 .text          0x0000000000010820       0x7c ../bsp\libhal_bsp.a(alt_main.o)
                0x0000000000010820                alt_main
 .text          0x000000000001089c       0xcc ../bsp\libhal_bsp.a(alt_sys_init.o)
                0x00000000000108d0                alt_irq_init
                0x0000000000010908                alt_sys_init
 .text          0x0000000000010968      0x164 ../bsp\libhal_bsp.a(altera_avalon_jtag_uart_fd.o)
                0x0000000000010968                altera_avalon_jtag_uart_read_fd
                0x00000000000109c8                altera_avalon_jtag_uart_write_fd
                0x0000000000010a28                altera_avalon_jtag_uart_close_fd
                0x0000000000010a78                altera_avalon_jtag_uart_ioctl_fd
 .text          0x0000000000010acc      0x3d4 ../bsp\libhal_bsp.a(altera_avalon_jtag_uart_init.o)
                0x0000000000010acc                altera_avalon_jtag_uart_init
                0x0000000000010e38                altera_avalon_jtag_uart_close
 .text          0x0000000000010ea0       0xf0 ../bsp\libhal_bsp.a(altera_avalon_jtag_uart_ioctl.o)
                0x0000000000010ea0                altera_avalon_jtag_uart_ioctl
 .text          0x0000000000010f90      0x21c ../bsp\libhal_bsp.a(altera_avalon_jtag_uart_read.o)
                0x0000000000010f90                altera_avalon_jtag_uart_read
 .text          0x00000000000111ac      0x224 ../bsp\libhal_bsp.a(altera_avalon_jtag_uart_write.o)
                0x00000000000111ac                altera_avalon_jtag_uart_write
 .text          0x00000000000113d0       0xf4 ../bsp\libhal_bsp.a(altera_avalon_timer_sc.o)
                0x0000000000011448                alt_avalon_timer_sc_init
 .text          0x00000000000114c4      0x12c ../bsp\libhal_bsp.a(alt_alarm_start.o)
                0x00000000000114c4                alt_alarm_start
 .text          0x00000000000115f0      0x114 ../bsp\libhal_bsp.a(alt_close.o)
                0x000000000001162c                close
 .text          0x0000000000011704       0x20 ../bsp\libhal_bsp.a(alt_dcache_flush_all.o)
                0x0000000000011704                alt_dcache_flush_all
 .text          0x0000000000011724       0x2c ../bsp\libhal_bsp.a(alt_dev.o)
 .text          0x0000000000011750       0xe0 ../bsp\libhal_bsp.a(alt_dev_llist_insert.o)
                0x000000000001178c                alt_dev_llist_insert
 .text          0x0000000000011830       0x60 ../bsp\libhal_bsp.a(alt_do_ctors.o)
                0x0000000000011830                _do_ctors
 .text          0x0000000000011890       0x60 ../bsp\libhal_bsp.a(alt_do_dtors.o)
                0x0000000000011890                _do_dtors
 .text          0x00000000000118f0        0x0 ../bsp\libhal_bsp.a(alt_errno.o)
 .text          0x00000000000118f0       0x20 ../bsp\libhal_bsp.a(alt_icache_flush_all.o)
                0x00000000000118f0                alt_icache_flush_all
 .text          0x0000000000011910      0x1b0 ../bsp\libhal_bsp.a(alt_iic.o)
                0x0000000000011910                alt_ic_isr_register
                0x0000000000011960                alt_ic_irq_enable
                0x00000000000119e8                alt_ic_irq_disable
                0x0000000000011a74                alt_ic_irq_enabled
 .text          0x0000000000011ac0       0xf0 ../bsp\libhal_bsp.a(alt_iic_isr_register.o)
                0x0000000000011ac0                alt_iic_isr_register
 .text          0x0000000000011bb0      0x160 ../bsp\libhal_bsp.a(alt_io_redirect.o)
                0x0000000000011c94                alt_io_redirect
 .text          0x0000000000011d10        0x0 ../bsp\libhal_bsp.a(alt_irq_entry.o)
 .text          0x0000000000011d10        0x0 ../bsp\libhal_bsp.a(alt_irq_handler.o)
 .text          0x0000000000011d10      0x284 ../bsp\libhal_bsp.a(alt_open.o)
                0x0000000000011e38                open
 .text          0x0000000000011f94       0x84 ../bsp\libhal_bsp.a(alt_release_fd.o)
                0x0000000000011f94                alt_release_fd
 .text          0x0000000000012018      0x1a4 ../bsp\libhal_bsp.a(alt_tick.o)
                0x0000000000012018                alt_alarm_stop
                0x00000000000120b4                alt_tick
 .text          0x00000000000121bc       0x24 ../bsp\libhal_bsp.a(altera_nios2_gen2_irq.o)
                0x00000000000121bc                altera_nios2_gen2_irq_init
 .text          0x00000000000121e0        0x0 ../bsp\libhal_bsp.a(alt_exception_entry.o)
 .text          0x00000000000121e0       0x90 ../bsp\libhal_bsp.a(alt_find_dev.o)
                0x00000000000121e0                alt_find_dev
 .text          0x0000000000012270      0x108 ../bsp\libhal_bsp.a(alt_find_file.o)
                0x0000000000012270                alt_find_file
 .text          0x0000000000012378       0xc4 ../bsp\libhal_bsp.a(alt_get_fd.o)
                0x0000000000012378                alt_get_fd
 .text          0x000000000001243c       0x9c ../bsp\libhal_bsp.a(alt_instruction_exception_entry.o)
                0x000000000001243c                alt_exception_cause_generated_bad_addr
 .text          0x00000000000124d8        0x0 c:/intelfpga_lite/18.1/nios2eds/bin/gnu/h-x86_64-mingw32/bin/../lib/gcc/nios2-elf/5.3.0/../../../../../H-x86_64-mingw32/nios2-elf/lib/mno-hw-mul\libc.a(lib_a-atexit.o)
 .text.atexit   0x00000000000124d8       0x14 c:/intelfpga_lite/18.1/nios2eds/bin/gnu/h-x86_64-mingw32/bin/../lib/gcc/nios2-elf/5.3.0/../../../../../H-x86_64-mingw32/nios2-elf/lib/mno-hw-mul\libc.a(lib_a-atexit.o)
                0x00000000000124d8                atexit
 .text          0x00000000000124ec        0x0 c:/intelfpga_lite/18.1/nios2eds/bin/gnu/h-x86_64-mingw32/bin/../lib/gcc/nios2-elf/5.3.0/../../../../../H-x86_64-mingw32/nios2-elf/lib/mno-hw-mul\libc.a(lib_a-exit.o)
 .text.exit     0x00000000000124ec       0x38 c:/intelfpga_lite/18.1/nios2eds/bin/gnu/h-x86_64-mingw32/bin/../lib/gcc/nios2-elf/5.3.0/../../../../../H-x86_64-mingw32/nios2-elf/lib/mno-hw-mul\libc.a(lib_a-exit.o)
                0x00000000000124ec                exit
 .text          0x0000000000012524        0x0 c:/intelfpga_lite/18.1/nios2eds/bin/gnu/h-x86_64-mingw32/bin/../lib/gcc/nios2-elf/5.3.0/../../../../../H-x86_64-mingw32/nios2-elf/lib/mno-hw-mul\libc.a(lib_a-impure.o)
 .text          0x0000000000012524        0x0 c:/intelfpga_lite/18.1/nios2eds/bin/gnu/h-x86_64-mingw32/bin/../lib/gcc/nios2-elf/5.3.0/../../../../../H-x86_64-mingw32/nios2-elf/lib/mno-hw-mul\libc.a(lib_a-int_errno.o)
 .text          0x0000000000012524        0x0 c:/intelfpga_lite/18.1/nios2eds/bin/gnu/h-x86_64-mingw32/bin/../lib/gcc/nios2-elf/5.3.0/../../../../../H-x86_64-mingw32/nios2-elf/lib/mno-hw-mul\libc.a(lib_a-memcmp.o)
 .text.memcmp   0x0000000000012524       0x7c c:/intelfpga_lite/18.1/nios2eds/bin/gnu/h-x86_64-mingw32/bin/../lib/gcc/nios2-elf/5.3.0/../../../../../H-x86_64-mingw32/nios2-elf/lib/mno-hw-mul\libc.a(lib_a-memcmp.o)
                0x0000000000012524                memcmp
 .text          0x00000000000125a0        0x0 c:/intelfpga_lite/18.1/nios2eds/bin/gnu/h-x86_64-mingw32/bin/../lib/gcc/nios2-elf/5.3.0/../../../../../H-x86_64-mingw32/nios2-elf/lib/mno-hw-mul\libc.a(lib_a-memcpy.o)
 .text.memcpy   0x00000000000125a0      0x148 c:/intelfpga_lite/18.1/nios2eds/bin/gnu/h-x86_64-mingw32/bin/../lib/gcc/nios2-elf/5.3.0/../../../../../H-x86_64-mingw32/nios2-elf/lib/mno-hw-mul\libc.a(lib_a-memcpy.o)
                0x00000000000125a0                memcpy
 .text          0x00000000000126e8        0x0 c:/intelfpga_lite/18.1/nios2eds/bin/gnu/h-x86_64-mingw32/bin/../lib/gcc/nios2-elf/5.3.0/../../../../../H-x86_64-mingw32/nios2-elf/lib/mno-hw-mul\libc.a(lib_a-strlen.o)
 .text.strlen   0x00000000000126e8       0x98 c:/intelfpga_lite/18.1/nios2eds/bin/gnu/h-x86_64-mingw32/bin/../lib/gcc/nios2-elf/5.3.0/../../../../../H-x86_64-mingw32/nios2-elf/lib/mno-hw-mul\libc.a(lib_a-strlen.o)
                0x00000000000126e8                strlen
 .text          0x0000000000012780        0x0 c:/intelfpga_lite/18.1/nios2eds/bin/gnu/h-x86_64-mingw32/bin/../lib/gcc/nios2-elf/5.3.0/../../../../../H-x86_64-mingw32/nios2-elf/lib/mno-hw-mul\libc.a(lib_a-__atexit.o)
 .text.__register_exitproc
                0x0000000000012780      0x118 c:/intelfpga_lite/18.1/nios2eds/bin/gnu/h-x86_64-mingw32/bin/../lib/gcc/nios2-elf/5.3.0/../../../../../H-x86_64-mingw32/nios2-elf/lib/mno-hw-mul\libc.a(lib_a-__atexit.o)
                0x0000000000012780                __register_exitproc
 .text          0x0000000000012898        0x0 c:/intelfpga_lite/18.1/nios2eds/bin/gnu/h-x86_64-mingw32/bin/../lib/gcc/nios2-elf/5.3.0/../../../../../H-x86_64-mingw32/nios2-elf/lib/mno-hw-mul\libc.a(lib_a-__call_atexit.o)
 .text.__call_exitprocs
                0x0000000000012898      0x180 c:/intelfpga_lite/18.1/nios2eds/bin/gnu/h-x86_64-mingw32/bin/../lib/gcc/nios2-elf/5.3.0/../../../../../H-x86_64-mingw32/nios2-elf/lib/mno-hw-mul\libc.a(lib_a-__call_atexit.o)
                0x0000000000012898                __call_exitprocs
 .text          0x0000000000012a18       0x28 c:/intelfpga_lite/18.1/nios2eds/bin/gnu/h-x86_64-mingw32/bin/../lib/gcc/nios2-elf/5.3.0/mno-hw-mul\libgcc.a(lib2-mul.o)
                0x0000000000012a18                __mulsi3
 .text          0x0000000000012a40       0x34 ../bsp\libhal_bsp.a(alt_exit.o)
                0x0000000000012a40                _exit
 *(.gnu.warning.*)
 *(.fini)
                [!provide]                        PROVIDE (__etext, ABSOLUTE (.))
                [!provide]                        PROVIDE (_etext, ABSOLUTE (.))
                [!provide]                        PROVIDE (etext, ABSOLUTE (.))
 *(.eh_frame_hdr)
                0x0000000000012a74                . = ALIGN (0x4)
                [!provide]                        PROVIDE (__preinit_array_start, ABSOLUTE (.))
 *(.preinit_array)
                [!provide]                        PROVIDE (__preinit_array_end, ABSOLUTE (.))
                [!provide]                        PROVIDE (__init_array_start, ABSOLUTE (.))
 *(.init_array)
                [!provide]                        PROVIDE (__init_array_end, ABSOLUTE (.))
                [!provide]                        PROVIDE (__fini_array_start, ABSOLUTE (.))
 *(.fini_array)
                [!provide]                        PROVIDE (__fini_array_end, ABSOLUTE (.))
 *(.eh_frame)
 *(.gcc_except_table .gcc_except_table.*)
 *(.dynamic)
                0x0000000000012a74                PROVIDE (__CTOR_LIST__, ABSOLUTE (.))
 *(.ctors)
 *(SORT(.ctors.*))
                0x0000000000012a74                PROVIDE (__CTOR_END__, ABSOLUTE (.))
                0x0000000000012a74                PROVIDE (__DTOR_LIST__, ABSOLUTE (.))
 *(.dtors)
 *(SORT(.dtors.*))
                0x0000000000012a74                PROVIDE (__DTOR_END__, ABSOLUTE (.))
 *(.jcr)
                0x0000000000012a74                . = ALIGN (0x4)

.rodata         0x0000000000012a74       0x38
                0x0000000000012a74                PROVIDE (__ram_rodata_start, ABSOLUTE (.))
                0x0000000000012a74                . = ALIGN (0x4)
 *(.rodata .rodata.* .gnu.linkonce.r.*)
 .rodata        0x0000000000012a74       0x11 ../bsp\libhal_bsp.a(alt_main.o)
 *fill*         0x0000000000012a85        0x3 
 .rodata        0x0000000000012a88       0x11 ../bsp\libhal_bsp.a(alt_sys_init.o)
 *fill*         0x0000000000012a99        0x3 
 .rodata        0x0000000000012a9c        0xa ../bsp\libhal_bsp.a(alt_dev.o)
 *fill*         0x0000000000012aa6        0x2 
 .rodata.str1.4
                0x0000000000012aa8        0x4 c:/intelfpga_lite/18.1/nios2eds/bin/gnu/h-x86_64-mingw32/bin/../lib/gcc/nios2-elf/5.3.0/../../../../../H-x86_64-mingw32/nios2-elf/lib/mno-hw-mul\libc.a(lib_a-impure.o)
                                          0x2 (size before relaxing)
 *(.rodata1)
                0x0000000000012aac                . = ALIGN (0x4)
                0x0000000000012aac                PROVIDE (__ram_rodata_end, ABSOLUTE (.))
                0x0000000000012a74                PROVIDE (__flash_rodata_start, LOADADDR (.rodata))

.rwdata         0x0000000000012aac     0x1658 load address 0x0000000000014104
                0x0000000000012aac                PROVIDE (__ram_rwdata_start, ABSOLUTE (.))
                0x0000000000012aac                . = ALIGN (0x4)
 *(.got.plt)
 *(.got)
 *(.data1)
 *(.data .data.* .gnu.linkonce.d.*)
 .data          0x0000000000012aac        0x0 ../bsp/obj/HAL/src/crt0.o
 .data          0x0000000000012aac        0x0 obj/default/main.o
 .data          0x0000000000012aac        0x0 c:/intelfpga_lite/18.1/nios2eds/bin/gnu/h-x86_64-mingw32/bin/../lib/gcc/nios2-elf/5.3.0/mno-hw-mul\libgcc.a(lib2-divmod.o)
 .data          0x0000000000012aac        0x0 ../bsp\libhal_bsp.a(alt_irq_register.o)
 .data          0x0000000000012aac        0x0 ../bsp\libhal_bsp.a(alt_irq_vars.o)
 .data          0x0000000000012aac        0x0 ../bsp\libhal_bsp.a(alt_load.o)
 .data          0x0000000000012aac        0x0 ../bsp\libhal_bsp.a(alt_main.o)
 .data          0x0000000000012aac     0x1060 ../bsp\libhal_bsp.a(alt_sys_init.o)
 .data          0x0000000000013b0c        0x0 ../bsp\libhal_bsp.a(altera_avalon_jtag_uart_fd.o)
 .data          0x0000000000013b0c        0x0 ../bsp\libhal_bsp.a(altera_avalon_jtag_uart_init.o)
 .data          0x0000000000013b0c        0x0 ../bsp\libhal_bsp.a(altera_avalon_jtag_uart_ioctl.o)
 .data          0x0000000000013b0c        0x0 ../bsp\libhal_bsp.a(altera_avalon_jtag_uart_read.o)
 .data          0x0000000000013b0c        0x0 ../bsp\libhal_bsp.a(altera_avalon_jtag_uart_write.o)
 .data          0x0000000000013b0c        0x0 ../bsp\libhal_bsp.a(altera_avalon_timer_sc.o)
 .data          0x0000000000013b0c        0x0 ../bsp\libhal_bsp.a(alt_alarm_start.o)
 .data          0x0000000000013b0c        0x0 ../bsp\libhal_bsp.a(alt_close.o)
 .data          0x0000000000013b0c        0x0 ../bsp\libhal_bsp.a(alt_dcache_flush_all.o)
 .data          0x0000000000013b0c      0x1a8 ../bsp\libhal_bsp.a(alt_dev.o)
                0x0000000000013b0c                alt_dev_null
                0x0000000000013b34                alt_fd_list
 .data          0x0000000000013cb4        0x0 ../bsp\libhal_bsp.a(alt_dev_llist_insert.o)
 .data          0x0000000000013cb4        0x0 ../bsp\libhal_bsp.a(alt_do_ctors.o)
 .data          0x0000000000013cb4        0x0 ../bsp\libhal_bsp.a(alt_do_dtors.o)
 .data          0x0000000000013cb4        0x0 ../bsp\libhal_bsp.a(alt_errno.o)
 .data          0x0000000000013cb4        0x0 ../bsp\libhal_bsp.a(alt_icache_flush_all.o)
 .data          0x0000000000013cb4        0x0 ../bsp\libhal_bsp.a(alt_iic.o)
 .data          0x0000000000013cb4        0x0 ../bsp\libhal_bsp.a(alt_iic_isr_register.o)
 .data          0x0000000000013cb4        0x0 ../bsp\libhal_bsp.a(alt_io_redirect.o)
 .data          0x0000000000013cb4        0x0 ../bsp\libhal_bsp.a(alt_irq_entry.o)
 .data          0x0000000000013cb4        0x0 ../bsp\libhal_bsp.a(alt_irq_handler.o)
 .data          0x0000000000013cb4        0x0 ../bsp\libhal_bsp.a(alt_open.o)
 .data          0x0000000000013cb4        0x0 ../bsp\libhal_bsp.a(alt_release_fd.o)
 .data          0x0000000000013cb4        0x0 ../bsp\libhal_bsp.a(alt_tick.o)
 .data          0x0000000000013cb4        0x0 ../bsp\libhal_bsp.a(altera_nios2_gen2_irq.o)
 .data          0x0000000000013cb4        0x0 ../bsp\libhal_bsp.a(alt_exception_entry.o)
 .data          0x0000000000013cb4        0x0 ../bsp\libhal_bsp.a(alt_find_dev.o)
 .data          0x0000000000013cb4        0x0 ../bsp\libhal_bsp.a(alt_find_file.o)
 .data          0x0000000000013cb4        0x0 ../bsp\libhal_bsp.a(alt_get_fd.o)
 .data          0x0000000000013cb4        0x0 ../bsp\libhal_bsp.a(alt_instruction_exception_entry.o)
 .data          0x0000000000013cb4        0x0 c:/intelfpga_lite/18.1/nios2eds/bin/gnu/h-x86_64-mingw32/bin/../lib/gcc/nios2-elf/5.3.0/../../../../../H-x86_64-mingw32/nios2-elf/lib/mno-hw-mul\libc.a(lib_a-atexit.o)
 .data          0x0000000000013cb4        0x0 c:/intelfpga_lite/18.1/nios2eds/bin/gnu/h-x86_64-mingw32/bin/../lib/gcc/nios2-elf/5.3.0/../../../../../H-x86_64-mingw32/nios2-elf/lib/mno-hw-mul\libc.a(lib_a-exit.o)
 .data          0x0000000000013cb4        0x0 c:/intelfpga_lite/18.1/nios2eds/bin/gnu/h-x86_64-mingw32/bin/../lib/gcc/nios2-elf/5.3.0/../../../../../H-x86_64-mingw32/nios2-elf/lib/mno-hw-mul\libc.a(lib_a-impure.o)
 .data.impure_data
                0x0000000000013cb4      0x424 c:/intelfpga_lite/18.1/nios2eds/bin/gnu/h-x86_64-mingw32/bin/../lib/gcc/nios2-elf/5.3.0/../../../../../H-x86_64-mingw32/nios2-elf/lib/mno-hw-mul\libc.a(lib_a-impure.o)
 .data          0x00000000000140d8        0x0 c:/intelfpga_lite/18.1/nios2eds/bin/gnu/h-x86_64-mingw32/bin/../lib/gcc/nios2-elf/5.3.0/../../../../../H-x86_64-mingw32/nios2-elf/lib/mno-hw-mul\libc.a(lib_a-int_errno.o)
 .data          0x00000000000140d8        0x0 c:/intelfpga_lite/18.1/nios2eds/bin/gnu/h-x86_64-mingw32/bin/../lib/gcc/nios2-elf/5.3.0/../../../../../H-x86_64-mingw32/nios2-elf/lib/mno-hw-mul\libc.a(lib_a-memcmp.o)
 .data          0x00000000000140d8        0x0 c:/intelfpga_lite/18.1/nios2eds/bin/gnu/h-x86_64-mingw32/bin/../lib/gcc/nios2-elf/5.3.0/../../../../../H-x86_64-mingw32/nios2-elf/lib/mno-hw-mul\libc.a(lib_a-memcpy.o)
 .data          0x00000000000140d8        0x0 c:/intelfpga_lite/18.1/nios2eds/bin/gnu/h-x86_64-mingw32/bin/../lib/gcc/nios2-elf/5.3.0/../../../../../H-x86_64-mingw32/nios2-elf/lib/mno-hw-mul\libc.a(lib_a-strlen.o)
 .data          0x00000000000140d8        0x0 c:/intelfpga_lite/18.1/nios2eds/bin/gnu/h-x86_64-mingw32/bin/../lib/gcc/nios2-elf/5.3.0/../../../../../H-x86_64-mingw32/nios2-elf/lib/mno-hw-mul\libc.a(lib_a-__atexit.o)
 .data          0x00000000000140d8        0x0 c:/intelfpga_lite/18.1/nios2eds/bin/gnu/h-x86_64-mingw32/bin/../lib/gcc/nios2-elf/5.3.0/../../../../../H-x86_64-mingw32/nios2-elf/lib/mno-hw-mul\libc.a(lib_a-__call_atexit.o)
 .data          0x00000000000140d8        0x0 c:/intelfpga_lite/18.1/nios2eds/bin/gnu/h-x86_64-mingw32/bin/../lib/gcc/nios2-elf/5.3.0/mno-hw-mul\libgcc.a(lib2-mul.o)
 .data          0x00000000000140d8        0x0 ../bsp\libhal_bsp.a(alt_exit.o)
                0x000000000001c0d8                _gp = ABSOLUTE ((. + 0x8000))
                [!provide]                        PROVIDE (gp, _gp)
 *(.rwdata .rwdata.*)
 *(.sdata .sdata.* .gnu.linkonce.s.*)
 .sdata         0x00000000000140d8        0x4 ../bsp\libhal_bsp.a(alt_irq_vars.o)
                0x00000000000140d8                alt_priority_mask
 .sdata         0x00000000000140dc       0x14 ../bsp\libhal_bsp.a(alt_dev.o)
                0x00000000000140dc                alt_fs_list
                0x00000000000140e4                alt_dev_list
                0x00000000000140ec                alt_max_fd
 .sdata         0x00000000000140f0        0x4 ../bsp\libhal_bsp.a(alt_errno.o)
                0x00000000000140f0                alt_errno
 .sdata         0x00000000000140f4        0x8 ../bsp\libhal_bsp.a(alt_tick.o)
                0x00000000000140f4                alt_alarm_list
 .sdata._global_impure_ptr
                0x00000000000140fc        0x4 c:/intelfpga_lite/18.1/nios2eds/bin/gnu/h-x86_64-mingw32/bin/../lib/gcc/nios2-elf/5.3.0/../../../../../H-x86_64-mingw32/nios2-elf/lib/mno-hw-mul\libc.a(lib_a-impure.o)
                0x00000000000140fc                _global_impure_ptr
 .sdata._impure_ptr
                0x0000000000014100        0x4 c:/intelfpga_lite/18.1/nios2eds/bin/gnu/h-x86_64-mingw32/bin/../lib/gcc/nios2-elf/5.3.0/../../../../../H-x86_64-mingw32/nios2-elf/lib/mno-hw-mul\libc.a(lib_a-impure.o)
                0x0000000000014100                _impure_ptr
 *(.sdata2 .sdata2.* .gnu.linkonce.s2.*)
                0x0000000000014104                . = ALIGN (0x4)
                0x0000000000014104                _edata = ABSOLUTE (.)
                [!provide]                        PROVIDE (edata, ABSOLUTE (.))
                0x0000000000014104                PROVIDE (__ram_rwdata_end, ABSOLUTE (.))
                0x0000000000014104                PROVIDE (__flash_rwdata_start, LOADADDR (.rwdata))

.bss            0x000000000001575c      0x124
                0x000000000001575c                __bss_start = ABSOLUTE (.)
                [!provide]                        PROVIDE (__sbss_start, ABSOLUTE (.))
                [!provide]                        PROVIDE (___sbss_start, ABSOLUTE (.))
 *(.dynsbss)
 *(.sbss .sbss.* .gnu.linkonce.sb.*)
 .sbss          0x000000000001575c        0x1 obj/default/main.o
                0x000000000001575c                sig_timer
 *fill*         0x000000000001575d        0x3 
 .sbss          0x0000000000015760        0x4 ../bsp\libhal_bsp.a(alt_irq_vars.o)
                0x0000000000015760                alt_irq_active
 .sbss          0x0000000000015764        0xc ../bsp\libhal_bsp.a(alt_main.o)
                0x0000000000015764                alt_argc
                0x0000000000015768                alt_argv
                0x000000000001576c                alt_envp
 .sbss          0x0000000000015770        0x8 ../bsp\libhal_bsp.a(alt_tick.o)
                0x0000000000015770                _alt_tick_rate
                0x0000000000015774                _alt_nticks
 .sbss          0x0000000000015778        0x4 ../bsp\libhal_bsp.a(alt_instruction_exception_entry.o)
                0x0000000000015778                alt_instruction_exception_handler
 .sbss          0x000000000001577c        0x4 c:/intelfpga_lite/18.1/nios2eds/bin/gnu/h-x86_64-mingw32/bin/../lib/gcc/nios2-elf/5.3.0/../../../../../H-x86_64-mingw32/nios2-elf/lib/mno-hw-mul\libc.a(lib_a-int_errno.o)
                0x000000000001577c                errno
 *(.sbss2 .sbss2.* .gnu.linkonce.sb2.*)
 *(.scommon)
                [!provide]                        PROVIDE (__sbss_end, ABSOLUTE (.))
                [!provide]                        PROVIDE (___sbss_end, ABSOLUTE (.))
 *(.dynbss)
 *(.bss .bss.* .gnu.linkonce.b.*)
 .bss           0x0000000000015780        0x0 ../bsp/obj/HAL/src/crt0.o
 .bss           0x0000000000015780        0x0 obj/default/main.o
 .bss           0x0000000000015780        0x0 c:/intelfpga_lite/18.1/nios2eds/bin/gnu/h-x86_64-mingw32/bin/../lib/gcc/nios2-elf/5.3.0/mno-hw-mul\libgcc.a(lib2-divmod.o)
 .bss           0x0000000000015780        0x0 ../bsp\libhal_bsp.a(alt_irq_register.o)
 .bss           0x0000000000015780        0x0 ../bsp\libhal_bsp.a(alt_irq_vars.o)
 .bss           0x0000000000015780        0x0 ../bsp\libhal_bsp.a(alt_load.o)
 .bss           0x0000000000015780        0x0 ../bsp\libhal_bsp.a(alt_main.o)
 .bss           0x0000000000015780        0x0 ../bsp\libhal_bsp.a(alt_sys_init.o)
 .bss           0x0000000000015780        0x0 ../bsp\libhal_bsp.a(altera_avalon_jtag_uart_fd.o)
 .bss           0x0000000000015780        0x0 ../bsp\libhal_bsp.a(altera_avalon_jtag_uart_init.o)
 .bss           0x0000000000015780        0x0 ../bsp\libhal_bsp.a(altera_avalon_jtag_uart_ioctl.o)
 .bss           0x0000000000015780        0x0 ../bsp\libhal_bsp.a(altera_avalon_jtag_uart_read.o)
 .bss           0x0000000000015780        0x0 ../bsp\libhal_bsp.a(altera_avalon_jtag_uart_write.o)
 .bss           0x0000000000015780        0x0 ../bsp\libhal_bsp.a(altera_avalon_timer_sc.o)
 .bss           0x0000000000015780        0x0 ../bsp\libhal_bsp.a(alt_alarm_start.o)
 .bss           0x0000000000015780        0x0 ../bsp\libhal_bsp.a(alt_close.o)
 .bss           0x0000000000015780        0x0 ../bsp\libhal_bsp.a(alt_dcache_flush_all.o)
 .bss           0x0000000000015780        0x0 ../bsp\libhal_bsp.a(alt_dev.o)
 .bss           0x0000000000015780        0x0 ../bsp\libhal_bsp.a(alt_dev_llist_insert.o)
 .bss           0x0000000000015780        0x0 ../bsp\libhal_bsp.a(alt_do_ctors.o)
 .bss           0x0000000000015780        0x0 ../bsp\libhal_bsp.a(alt_do_dtors.o)
 .bss           0x0000000000015780        0x0 ../bsp\libhal_bsp.a(alt_errno.o)
 .bss           0x0000000000015780        0x0 ../bsp\libhal_bsp.a(alt_icache_flush_all.o)
 .bss           0x0000000000015780        0x0 ../bsp\libhal_bsp.a(alt_iic.o)
 .bss           0x0000000000015780        0x0 ../bsp\libhal_bsp.a(alt_iic_isr_register.o)
 .bss           0x0000000000015780        0x0 ../bsp\libhal_bsp.a(alt_io_redirect.o)
 .bss           0x0000000000015780        0x0 ../bsp\libhal_bsp.a(alt_irq_entry.o)
 .bss           0x0000000000015780        0x0 ../bsp\libhal_bsp.a(alt_irq_handler.o)
 .bss           0x0000000000015780        0x0 ../bsp\libhal_bsp.a(alt_open.o)
 .bss           0x0000000000015780        0x0 ../bsp\libhal_bsp.a(alt_release_fd.o)
 .bss           0x0000000000015780        0x0 ../bsp\libhal_bsp.a(alt_tick.o)
 .bss           0x0000000000015780        0x0 ../bsp\libhal_bsp.a(altera_nios2_gen2_irq.o)
 .bss           0x0000000000015780        0x0 ../bsp\libhal_bsp.a(alt_exception_entry.o)
 .bss           0x0000000000015780        0x0 ../bsp\libhal_bsp.a(alt_find_dev.o)
 .bss           0x0000000000015780        0x0 ../bsp\libhal_bsp.a(alt_find_file.o)
 .bss           0x0000000000015780        0x0 ../bsp\libhal_bsp.a(alt_get_fd.o)
 .bss           0x0000000000015780        0x0 ../bsp\libhal_bsp.a(alt_instruction_exception_entry.o)
 .bss           0x0000000000015780        0x0 c:/intelfpga_lite/18.1/nios2eds/bin/gnu/h-x86_64-mingw32/bin/../lib/gcc/nios2-elf/5.3.0/../../../../../H-x86_64-mingw32/nios2-elf/lib/mno-hw-mul\libc.a(lib_a-atexit.o)
 .bss           0x0000000000015780        0x0 c:/intelfpga_lite/18.1/nios2eds/bin/gnu/h-x86_64-mingw32/bin/../lib/gcc/nios2-elf/5.3.0/../../../../../H-x86_64-mingw32/nios2-elf/lib/mno-hw-mul\libc.a(lib_a-exit.o)
 .bss           0x0000000000015780        0x0 c:/intelfpga_lite/18.1/nios2eds/bin/gnu/h-x86_64-mingw32/bin/../lib/gcc/nios2-elf/5.3.0/../../../../../H-x86_64-mingw32/nios2-elf/lib/mno-hw-mul\libc.a(lib_a-impure.o)
 .bss           0x0000000000015780        0x0 c:/intelfpga_lite/18.1/nios2eds/bin/gnu/h-x86_64-mingw32/bin/../lib/gcc/nios2-elf/5.3.0/../../../../../H-x86_64-mingw32/nios2-elf/lib/mno-hw-mul\libc.a(lib_a-int_errno.o)
 .bss           0x0000000000015780        0x0 c:/intelfpga_lite/18.1/nios2eds/bin/gnu/h-x86_64-mingw32/bin/../lib/gcc/nios2-elf/5.3.0/../../../../../H-x86_64-mingw32/nios2-elf/lib/mno-hw-mul\libc.a(lib_a-memcmp.o)
 .bss           0x0000000000015780        0x0 c:/intelfpga_lite/18.1/nios2eds/bin/gnu/h-x86_64-mingw32/bin/../lib/gcc/nios2-elf/5.3.0/../../../../../H-x86_64-mingw32/nios2-elf/lib/mno-hw-mul\libc.a(lib_a-memcpy.o)
 .bss           0x0000000000015780        0x0 c:/intelfpga_lite/18.1/nios2eds/bin/gnu/h-x86_64-mingw32/bin/../lib/gcc/nios2-elf/5.3.0/../../../../../H-x86_64-mingw32/nios2-elf/lib/mno-hw-mul\libc.a(lib_a-strlen.o)
 .bss           0x0000000000015780        0x0 c:/intelfpga_lite/18.1/nios2eds/bin/gnu/h-x86_64-mingw32/bin/../lib/gcc/nios2-elf/5.3.0/../../../../../H-x86_64-mingw32/nios2-elf/lib/mno-hw-mul\libc.a(lib_a-__atexit.o)
 .bss           0x0000000000015780        0x0 c:/intelfpga_lite/18.1/nios2eds/bin/gnu/h-x86_64-mingw32/bin/../lib/gcc/nios2-elf/5.3.0/../../../../../H-x86_64-mingw32/nios2-elf/lib/mno-hw-mul\libc.a(lib_a-__call_atexit.o)
 .bss           0x0000000000015780        0x0 c:/intelfpga_lite/18.1/nios2eds/bin/gnu/h-x86_64-mingw32/bin/../lib/gcc/nios2-elf/5.3.0/mno-hw-mul\libgcc.a(lib2-mul.o)
 .bss           0x0000000000015780        0x0 ../bsp\libhal_bsp.a(alt_exit.o)
 *(COMMON)
 COMMON         0x0000000000015780      0x100 ../bsp\libhal_bsp.a(alt_irq_handler.o)
                0x0000000000015780                alt_irq
                0x0000000000015880                . = ALIGN (0x4)
                0x0000000000015880                __bss_end = ABSOLUTE (.)

.onchip_memory2_0
                0x0000000000015880        0x0
                [!provide]                        PROVIDE (_alt_partition_onchip_memory2_0_start, ABSOLUTE (.))
 *(.onchip_memory2_0 .onchip_memory2_0. onchip_memory2_0.*)
                0x0000000000015880                . = ALIGN (0x4)
                [!provide]                        PROVIDE (_alt_partition_onchip_memory2_0_end, ABSOLUTE (.))
                0x0000000000015880                _end = ABSOLUTE (.)
                0x0000000000015880                end = ABSOLUTE (.)
                0x0000000000015880                __alt_stack_base = ABSOLUTE (.)
                [!provide]                        PROVIDE (_alt_partition_onchip_memory2_0_load_addr, LOADADDR (.onchip_memory2_0))

.stab
 *(.stab)

.stabstr
 *(.stabstr)

.stab.excl
 *(.stab.excl)

.stab.exclstr
 *(.stab.exclstr)

.stab.index
 *(.stab.index)

.stab.indexstr
 *(.stab.indexstr)

.comment        0x0000000000000000       0x23
 *(.comment)
 .comment       0x0000000000000000       0x23 obj/default/main.o
                                         0x24 (size before relaxing)
 .comment       0x0000000000000023       0x24 c:/intelfpga_lite/18.1/nios2eds/bin/gnu/h-x86_64-mingw32/bin/../lib/gcc/nios2-elf/5.3.0/mno-hw-mul\libgcc.a(lib2-divmod.o)
 .comment       0x0000000000000023       0x24 ../bsp\libhal_bsp.a(alt_irq_register.o)
 .comment       0x0000000000000023       0x24 ../bsp\libhal_bsp.a(alt_irq_vars.o)
 .comment       0x0000000000000023       0x24 ../bsp\libhal_bsp.a(alt_load.o)
 .comment       0x0000000000000023       0x24 ../bsp\libhal_bsp.a(alt_main.o)
 .comment       0x0000000000000023       0x24 ../bsp\libhal_bsp.a(alt_sys_init.o)
 .comment       0x0000000000000023       0x24 ../bsp\libhal_bsp.a(altera_avalon_jtag_uart_fd.o)
 .comment       0x0000000000000023       0x24 ../bsp\libhal_bsp.a(altera_avalon_jtag_uart_init.o)
 .comment       0x0000000000000023       0x24 ../bsp\libhal_bsp.a(altera_avalon_jtag_uart_ioctl.o)
 .comment       0x0000000000000023       0x24 ../bsp\libhal_bsp.a(altera_avalon_jtag_uart_read.o)
 .comment       0x0000000000000023       0x24 ../bsp\libhal_bsp.a(altera_avalon_jtag_uart_write.o)
 .comment       0x0000000000000023       0x24 ../bsp\libhal_bsp.a(altera_avalon_timer_sc.o)
 .comment       0x0000000000000023       0x24 ../bsp\libhal_bsp.a(alt_alarm_start.o)
 .comment       0x0000000000000023       0x24 ../bsp\libhal_bsp.a(alt_close.o)
 .comment       0x0000000000000023       0x24 ../bsp\libhal_bsp.a(alt_dcache_flush_all.o)
 .comment       0x0000000000000023       0x24 ../bsp\libhal_bsp.a(alt_dev.o)
 .comment       0x0000000000000023       0x24 ../bsp\libhal_bsp.a(alt_dev_llist_insert.o)
 .comment       0x0000000000000023       0x24 ../bsp\libhal_bsp.a(alt_do_ctors.o)
 .comment       0x0000000000000023       0x24 ../bsp\libhal_bsp.a(alt_do_dtors.o)
 .comment       0x0000000000000023       0x24 ../bsp\libhal_bsp.a(alt_errno.o)
 .comment       0x0000000000000023       0x24 ../bsp\libhal_bsp.a(alt_icache_flush_all.o)
 .comment       0x0000000000000023       0x24 ../bsp\libhal_bsp.a(alt_iic.o)
 .comment       0x0000000000000023       0x24 ../bsp\libhal_bsp.a(alt_iic_isr_register.o)
 .comment       0x0000000000000023       0x24 ../bsp\libhal_bsp.a(alt_io_redirect.o)
 .comment       0x0000000000000023       0x24 ../bsp\libhal_bsp.a(alt_irq_handler.o)
 .comment       0x0000000000000023       0x24 ../bsp\libhal_bsp.a(alt_open.o)
 .comment       0x0000000000000023       0x24 ../bsp\libhal_bsp.a(alt_release_fd.o)
 .comment       0x0000000000000023       0x24 ../bsp\libhal_bsp.a(alt_tick.o)
 .comment       0x0000000000000023       0x24 ../bsp\libhal_bsp.a(altera_nios2_gen2_irq.o)
 .comment       0x0000000000000023       0x24 ../bsp\libhal_bsp.a(alt_find_dev.o)
 .comment       0x0000000000000023       0x24 ../bsp\libhal_bsp.a(alt_find_file.o)
 .comment       0x0000000000000023       0x24 ../bsp\libhal_bsp.a(alt_get_fd.o)
 .comment       0x0000000000000023       0x24 ../bsp\libhal_bsp.a(alt_instruction_exception_entry.o)
 .comment       0x0000000000000023       0x24 c:/intelfpga_lite/18.1/nios2eds/bin/gnu/h-x86_64-mingw32/bin/../lib/gcc/nios2-elf/5.3.0/../../../../../H-x86_64-mingw32/nios2-elf/lib/mno-hw-mul\libc.a(lib_a-atexit.o)
 .comment       0x0000000000000023       0x24 c:/intelfpga_lite/18.1/nios2eds/bin/gnu/h-x86_64-mingw32/bin/../lib/gcc/nios2-elf/5.3.0/../../../../../H-x86_64-mingw32/nios2-elf/lib/mno-hw-mul\libc.a(lib_a-exit.o)
 .comment       0x0000000000000023       0x24 c:/intelfpga_lite/18.1/nios2eds/bin/gnu/h-x86_64-mingw32/bin/../lib/gcc/nios2-elf/5.3.0/../../../../../H-x86_64-mingw32/nios2-elf/lib/mno-hw-mul\libc.a(lib_a-impure.o)
 .comment       0x0000000000000023       0x24 c:/intelfpga_lite/18.1/nios2eds/bin/gnu/h-x86_64-mingw32/bin/../lib/gcc/nios2-elf/5.3.0/../../../../../H-x86_64-mingw32/nios2-elf/lib/mno-hw-mul\libc.a(lib_a-int_errno.o)
 .comment       0x0000000000000023       0x24 c:/intelfpga_lite/18.1/nios2eds/bin/gnu/h-x86_64-mingw32/bin/../lib/gcc/nios2-elf/5.3.0/../../../../../H-x86_64-mingw32/nios2-elf/lib/mno-hw-mul\libc.a(lib_a-memcmp.o)
 .comment       0x0000000000000023       0x24 c:/intelfpga_lite/18.1/nios2eds/bin/gnu/h-x86_64-mingw32/bin/../lib/gcc/nios2-elf/5.3.0/../../../../../H-x86_64-mingw32/nios2-elf/lib/mno-hw-mul\libc.a(lib_a-memcpy.o)
 .comment       0x0000000000000023       0x24 c:/intelfpga_lite/18.1/nios2eds/bin/gnu/h-x86_64-mingw32/bin/../lib/gcc/nios2-elf/5.3.0/../../../../../H-x86_64-mingw32/nios2-elf/lib/mno-hw-mul\libc.a(lib_a-strlen.o)
 .comment       0x0000000000000023       0x24 c:/intelfpga_lite/18.1/nios2eds/bin/gnu/h-x86_64-mingw32/bin/../lib/gcc/nios2-elf/5.3.0/../../../../../H-x86_64-mingw32/nios2-elf/lib/mno-hw-mul\libc.a(lib_a-__atexit.o)
 .comment       0x0000000000000023       0x24 c:/intelfpga_lite/18.1/nios2eds/bin/gnu/h-x86_64-mingw32/bin/../lib/gcc/nios2-elf/5.3.0/../../../../../H-x86_64-mingw32/nios2-elf/lib/mno-hw-mul\libc.a(lib_a-__call_atexit.o)
 .comment       0x0000000000000023       0x24 c:/intelfpga_lite/18.1/nios2eds/bin/gnu/h-x86_64-mingw32/bin/../lib/gcc/nios2-elf/5.3.0/mno-hw-mul\libgcc.a(lib2-mul.o)
 .comment       0x0000000000000023       0x24 ../bsp\libhal_bsp.a(alt_exit.o)

.debug
 *(.debug)

.line
 *(.line)

.debug_srcinfo
 *(.debug_srcinfo)

.debug_sfnames
 *(.debug_sfnames)

.debug_aranges  0x0000000000000000      0x618
 *(.debug_aranges)
 .debug_aranges
                0x0000000000000000       0x28 ../bsp/obj/HAL/src/crt0.o
 .debug_aranges
                0x0000000000000028       0x20 obj/default/main.o
 .debug_aranges
                0x0000000000000048       0x20 c:/intelfpga_lite/18.1/nios2eds/bin/gnu/h-x86_64-mingw32/bin/../lib/gcc/nios2-elf/5.3.0/mno-hw-mul\libgcc.a(lib2-divmod.o)
 .debug_aranges
                0x0000000000000068       0x20 ../bsp\libhal_bsp.a(alt_irq_register.o)
 .debug_aranges
                0x0000000000000088       0x18 ../bsp\libhal_bsp.a(alt_irq_vars.o)
 .debug_aranges
                0x00000000000000a0       0x20 ../bsp\libhal_bsp.a(alt_load.o)
 .debug_aranges
                0x00000000000000c0       0x20 ../bsp\libhal_bsp.a(alt_main.o)
 .debug_aranges
                0x00000000000000e0       0x20 ../bsp\libhal_bsp.a(alt_sys_init.o)
 .debug_aranges
                0x0000000000000100       0x20 ../bsp\libhal_bsp.a(altera_avalon_jtag_uart_fd.o)
 .debug_aranges
                0x0000000000000120       0x20 ../bsp\libhal_bsp.a(altera_avalon_jtag_uart_init.o)
 .debug_aranges
                0x0000000000000140       0x20 ../bsp\libhal_bsp.a(altera_avalon_jtag_uart_ioctl.o)
 .debug_aranges
                0x0000000000000160       0x20 ../bsp\libhal_bsp.a(altera_avalon_jtag_uart_read.o)
 .debug_aranges
                0x0000000000000180       0x20 ../bsp\libhal_bsp.a(altera_avalon_jtag_uart_write.o)
 .debug_aranges
                0x00000000000001a0       0x20 ../bsp\libhal_bsp.a(altera_avalon_timer_sc.o)
 .debug_aranges
                0x00000000000001c0       0x20 ../bsp\libhal_bsp.a(alt_alarm_start.o)
 .debug_aranges
                0x00000000000001e0       0x20 ../bsp\libhal_bsp.a(alt_close.o)
 .debug_aranges
                0x0000000000000200       0x20 ../bsp\libhal_bsp.a(alt_dcache_flush_all.o)
 .debug_aranges
                0x0000000000000220       0x20 ../bsp\libhal_bsp.a(alt_dev.o)
 .debug_aranges
                0x0000000000000240       0x20 ../bsp\libhal_bsp.a(alt_dev_llist_insert.o)
 .debug_aranges
                0x0000000000000260       0x20 ../bsp\libhal_bsp.a(alt_do_ctors.o)
 .debug_aranges
                0x0000000000000280       0x20 ../bsp\libhal_bsp.a(alt_do_dtors.o)
 .debug_aranges
                0x00000000000002a0       0x18 ../bsp\libhal_bsp.a(alt_errno.o)
 .debug_aranges
                0x00000000000002b8       0x20 ../bsp\libhal_bsp.a(alt_icache_flush_all.o)
 .debug_aranges
                0x00000000000002d8       0x20 ../bsp\libhal_bsp.a(alt_iic.o)
 .debug_aranges
                0x00000000000002f8       0x20 ../bsp\libhal_bsp.a(alt_iic_isr_register.o)
 .debug_aranges
                0x0000000000000318       0x20 ../bsp\libhal_bsp.a(alt_io_redirect.o)
 .debug_aranges
                0x0000000000000338       0x30 ../bsp\libhal_bsp.a(alt_irq_entry.o)
 .debug_aranges
                0x0000000000000368       0x20 ../bsp\libhal_bsp.a(alt_irq_handler.o)
 .debug_aranges
                0x0000000000000388       0x20 ../bsp\libhal_bsp.a(alt_open.o)
 .debug_aranges
                0x00000000000003a8       0x20 ../bsp\libhal_bsp.a(alt_release_fd.o)
 .debug_aranges
                0x00000000000003c8       0x20 ../bsp\libhal_bsp.a(alt_tick.o)
 .debug_aranges
                0x00000000000003e8       0x20 ../bsp\libhal_bsp.a(altera_nios2_gen2_irq.o)
 .debug_aranges
                0x0000000000000408       0x38 ../bsp\libhal_bsp.a(alt_exception_entry.o)
 .debug_aranges
                0x0000000000000440       0x20 ../bsp\libhal_bsp.a(alt_find_dev.o)
 .debug_aranges
                0x0000000000000460       0x20 ../bsp\libhal_bsp.a(alt_find_file.o)
 .debug_aranges
                0x0000000000000480       0x20 ../bsp\libhal_bsp.a(alt_get_fd.o)
 .debug_aranges
                0x00000000000004a0       0x28 ../bsp\libhal_bsp.a(alt_instruction_exception_entry.o)
 .debug_aranges
                0x00000000000004c8       0x20 c:/intelfpga_lite/18.1/nios2eds/bin/gnu/h-x86_64-mingw32/bin/../lib/gcc/nios2-elf/5.3.0/../../../../../H-x86_64-mingw32/nios2-elf/lib/mno-hw-mul\libc.a(lib_a-atexit.o)
 .debug_aranges
                0x00000000000004e8       0x20 c:/intelfpga_lite/18.1/nios2eds/bin/gnu/h-x86_64-mingw32/bin/../lib/gcc/nios2-elf/5.3.0/../../../../../H-x86_64-mingw32/nios2-elf/lib/mno-hw-mul\libc.a(lib_a-exit.o)
 .debug_aranges
                0x0000000000000508       0x18 c:/intelfpga_lite/18.1/nios2eds/bin/gnu/h-x86_64-mingw32/bin/../lib/gcc/nios2-elf/5.3.0/../../../../../H-x86_64-mingw32/nios2-elf/lib/mno-hw-mul\libc.a(lib_a-impure.o)
 .debug_aranges
                0x0000000000000520       0x18 c:/intelfpga_lite/18.1/nios2eds/bin/gnu/h-x86_64-mingw32/bin/../lib/gcc/nios2-elf/5.3.0/../../../../../H-x86_64-mingw32/nios2-elf/lib/mno-hw-mul\libc.a(lib_a-int_errno.o)
 .debug_aranges
                0x0000000000000538       0x20 c:/intelfpga_lite/18.1/nios2eds/bin/gnu/h-x86_64-mingw32/bin/../lib/gcc/nios2-elf/5.3.0/../../../../../H-x86_64-mingw32/nios2-elf/lib/mno-hw-mul\libc.a(lib_a-memcmp.o)
 .debug_aranges
                0x0000000000000558       0x20 c:/intelfpga_lite/18.1/nios2eds/bin/gnu/h-x86_64-mingw32/bin/../lib/gcc/nios2-elf/5.3.0/../../../../../H-x86_64-mingw32/nios2-elf/lib/mno-hw-mul\libc.a(lib_a-memcpy.o)
 .debug_aranges
                0x0000000000000578       0x20 c:/intelfpga_lite/18.1/nios2eds/bin/gnu/h-x86_64-mingw32/bin/../lib/gcc/nios2-elf/5.3.0/../../../../../H-x86_64-mingw32/nios2-elf/lib/mno-hw-mul\libc.a(lib_a-strlen.o)
 .debug_aranges
                0x0000000000000598       0x20 c:/intelfpga_lite/18.1/nios2eds/bin/gnu/h-x86_64-mingw32/bin/../lib/gcc/nios2-elf/5.3.0/../../../../../H-x86_64-mingw32/nios2-elf/lib/mno-hw-mul\libc.a(lib_a-__atexit.o)
 .debug_aranges
                0x00000000000005b8       0x20 c:/intelfpga_lite/18.1/nios2eds/bin/gnu/h-x86_64-mingw32/bin/../lib/gcc/nios2-elf/5.3.0/../../../../../H-x86_64-mingw32/nios2-elf/lib/mno-hw-mul\libc.a(lib_a-__call_atexit.o)
 .debug_aranges
                0x00000000000005d8       0x20 c:/intelfpga_lite/18.1/nios2eds/bin/gnu/h-x86_64-mingw32/bin/../lib/gcc/nios2-elf/5.3.0/mno-hw-mul\libgcc.a(lib2-mul.o)
 .debug_aranges
                0x00000000000005f8       0x20 ../bsp\libhal_bsp.a(alt_exit.o)

.debug_pubnames
 *(.debug_pubnames)

.debug_info     0x0000000000000000     0x7e2e
 *(.debug_info .gnu.linkonce.wi.*)
 .debug_info    0x0000000000000000       0x7d ../bsp/obj/HAL/src/crt0.o
 .debug_info    0x000000000000007d      0x196 obj/default/main.o
 .debug_info    0x0000000000000213      0x2c6 c:/intelfpga_lite/18.1/nios2eds/bin/gnu/h-x86_64-mingw32/bin/../lib/gcc/nios2-elf/5.3.0/mno-hw-mul\libgcc.a(lib2-divmod.o)
 .debug_info    0x00000000000004d9      0x324 ../bsp\libhal_bsp.a(alt_irq_register.o)
 .debug_info    0x00000000000007fd       0x88 ../bsp\libhal_bsp.a(alt_irq_vars.o)
 .debug_info    0x0000000000000885      0x145 ../bsp\libhal_bsp.a(alt_load.o)
 .debug_info    0x00000000000009ca      0x131 ../bsp\libhal_bsp.a(alt_main.o)
 .debug_info    0x0000000000000afb      0x4d9 ../bsp\libhal_bsp.a(alt_sys_init.o)
 .debug_info    0x0000000000000fd4      0x52e ../bsp\libhal_bsp.a(altera_avalon_jtag_uart_fd.o)
 .debug_info    0x0000000000001502      0x3a0 ../bsp\libhal_bsp.a(altera_avalon_jtag_uart_init.o)
 .debug_info    0x00000000000018a2      0x280 ../bsp\libhal_bsp.a(altera_avalon_jtag_uart_ioctl.o)
 .debug_info    0x0000000000001b22      0x345 ../bsp\libhal_bsp.a(altera_avalon_jtag_uart_read.o)
 .debug_info    0x0000000000001e67      0x340 ../bsp\libhal_bsp.a(altera_avalon_jtag_uart_write.o)
 .debug_info    0x00000000000021a7      0x226 ../bsp\libhal_bsp.a(altera_avalon_timer_sc.o)
 .debug_info    0x00000000000023cd      0x2cc ../bsp\libhal_bsp.a(alt_alarm_start.o)
 .debug_info    0x0000000000002699      0x321 ../bsp\libhal_bsp.a(alt_close.o)
 .debug_info    0x00000000000029ba       0x92 ../bsp\libhal_bsp.a(alt_dcache_flush_all.o)
 .debug_info    0x0000000000002a4c      0x49c ../bsp\libhal_bsp.a(alt_dev.o)
 .debug_info    0x0000000000002ee8      0x1a9 ../bsp\libhal_bsp.a(alt_dev_llist_insert.o)
 .debug_info    0x0000000000003091       0x83 ../bsp\libhal_bsp.a(alt_do_ctors.o)
 .debug_info    0x0000000000003114       0x83 ../bsp\libhal_bsp.a(alt_do_dtors.o)
 .debug_info    0x0000000000003197       0xa6 ../bsp\libhal_bsp.a(alt_errno.o)
 .debug_info    0x000000000000323d       0x92 ../bsp\libhal_bsp.a(alt_icache_flush_all.o)
 .debug_info    0x00000000000032cf      0x350 ../bsp\libhal_bsp.a(alt_iic.o)
 .debug_info    0x000000000000361f      0x1ef ../bsp\libhal_bsp.a(alt_iic_isr_register.o)
 .debug_info    0x000000000000380e      0x4a5 ../bsp\libhal_bsp.a(alt_io_redirect.o)
 .debug_info    0x0000000000003cb3       0x86 ../bsp\libhal_bsp.a(alt_irq_entry.o)
 .debug_info    0x0000000000003d39      0x187 ../bsp\libhal_bsp.a(alt_irq_handler.o)
 .debug_info    0x0000000000003ec0      0x3bb ../bsp\libhal_bsp.a(alt_open.o)
 .debug_info    0x000000000000427b      0x2b0 ../bsp\libhal_bsp.a(alt_release_fd.o)
 .debug_info    0x000000000000452b      0x299 ../bsp\libhal_bsp.a(alt_tick.o)
 .debug_info    0x00000000000047c4       0x92 ../bsp\libhal_bsp.a(altera_nios2_gen2_irq.o)
 .debug_info    0x0000000000004856       0x8c ../bsp\libhal_bsp.a(alt_exception_entry.o)
 .debug_info    0x00000000000048e2      0x2e9 ../bsp\libhal_bsp.a(alt_find_dev.o)
 .debug_info    0x0000000000004bcb      0x2e6 ../bsp\libhal_bsp.a(alt_find_file.o)
 .debug_info    0x0000000000004eb1      0x310 ../bsp\libhal_bsp.a(alt_get_fd.o)
 .debug_info    0x00000000000051c1      0x1e7 ../bsp\libhal_bsp.a(alt_instruction_exception_entry.o)
 .debug_info    0x00000000000053a8       0xfe c:/intelfpga_lite/18.1/nios2eds/bin/gnu/h-x86_64-mingw32/bin/../lib/gcc/nios2-elf/5.3.0/../../../../../H-x86_64-mingw32/nios2-elf/lib/mno-hw-mul\libc.a(lib_a-atexit.o)
 .debug_info    0x00000000000054a6      0x8e4 c:/intelfpga_lite/18.1/nios2eds/bin/gnu/h-x86_64-mingw32/bin/../lib/gcc/nios2-elf/5.3.0/../../../../../H-x86_64-mingw32/nios2-elf/lib/mno-hw-mul\libc.a(lib_a-exit.o)
 .debug_info    0x0000000000005d8a      0x8a1 c:/intelfpga_lite/18.1/nios2eds/bin/gnu/h-x86_64-mingw32/bin/../lib/gcc/nios2-elf/5.3.0/../../../../../H-x86_64-mingw32/nios2-elf/lib/mno-hw-mul\libc.a(lib_a-impure.o)
 .debug_info    0x000000000000662b       0x8a c:/intelfpga_lite/18.1/nios2eds/bin/gnu/h-x86_64-mingw32/bin/../lib/gcc/nios2-elf/5.3.0/../../../../../H-x86_64-mingw32/nios2-elf/lib/mno-hw-mul\libc.a(lib_a-int_errno.o)
 .debug_info    0x00000000000066b5      0x11a c:/intelfpga_lite/18.1/nios2eds/bin/gnu/h-x86_64-mingw32/bin/../lib/gcc/nios2-elf/5.3.0/../../../../../H-x86_64-mingw32/nios2-elf/lib/mno-hw-mul\libc.a(lib_a-memcmp.o)
 .debug_info    0x00000000000067cf      0x144 c:/intelfpga_lite/18.1/nios2eds/bin/gnu/h-x86_64-mingw32/bin/../lib/gcc/nios2-elf/5.3.0/../../../../../H-x86_64-mingw32/nios2-elf/lib/mno-hw-mul\libc.a(lib_a-memcpy.o)
 .debug_info    0x0000000000006913       0xe2 c:/intelfpga_lite/18.1/nios2eds/bin/gnu/h-x86_64-mingw32/bin/../lib/gcc/nios2-elf/5.3.0/../../../../../H-x86_64-mingw32/nios2-elf/lib/mno-hw-mul\libc.a(lib_a-strlen.o)
 .debug_info    0x00000000000069f5      0x934 c:/intelfpga_lite/18.1/nios2eds/bin/gnu/h-x86_64-mingw32/bin/../lib/gcc/nios2-elf/5.3.0/../../../../../H-x86_64-mingw32/nios2-elf/lib/mno-hw-mul\libc.a(lib_a-__atexit.o)
 .debug_info    0x0000000000007329      0x965 c:/intelfpga_lite/18.1/nios2eds/bin/gnu/h-x86_64-mingw32/bin/../lib/gcc/nios2-elf/5.3.0/../../../../../H-x86_64-mingw32/nios2-elf/lib/mno-hw-mul\libc.a(lib_a-__call_atexit.o)
 .debug_info    0x0000000000007c8e       0xb4 c:/intelfpga_lite/18.1/nios2eds/bin/gnu/h-x86_64-mingw32/bin/../lib/gcc/nios2-elf/5.3.0/mno-hw-mul\libgcc.a(lib2-mul.o)
 .debug_info    0x0000000000007d42       0xec ../bsp\libhal_bsp.a(alt_exit.o)

.debug_abbrev   0x0000000000000000     0x2da0
 *(.debug_abbrev)
 .debug_abbrev  0x0000000000000000       0x12 ../bsp/obj/HAL/src/crt0.o
 .debug_abbrev  0x0000000000000012      0x103 obj/default/main.o
 .debug_abbrev  0x0000000000000115      0x10e c:/intelfpga_lite/18.1/nios2eds/bin/gnu/h-x86_64-mingw32/bin/../lib/gcc/nios2-elf/5.3.0/mno-hw-mul\libgcc.a(lib2-divmod.o)
 .debug_abbrev  0x0000000000000223      0x186 ../bsp\libhal_bsp.a(alt_irq_register.o)
 .debug_abbrev  0x00000000000003a9       0x40 ../bsp\libhal_bsp.a(alt_irq_vars.o)
 .debug_abbrev  0x00000000000003e9       0x9f ../bsp\libhal_bsp.a(alt_load.o)
 .debug_abbrev  0x0000000000000488       0xba ../bsp\libhal_bsp.a(alt_main.o)
 .debug_abbrev  0x0000000000000542      0x187 ../bsp\libhal_bsp.a(alt_sys_init.o)
 .debug_abbrev  0x00000000000006c9      0x127 ../bsp\libhal_bsp.a(altera_avalon_jtag_uart_fd.o)
 .debug_abbrev  0x00000000000007f0      0x19e ../bsp\libhal_bsp.a(altera_avalon_jtag_uart_init.o)
 .debug_abbrev  0x000000000000098e      0x111 ../bsp\libhal_bsp.a(altera_avalon_jtag_uart_ioctl.o)
 .debug_abbrev  0x0000000000000a9f      0x1aa ../bsp\libhal_bsp.a(altera_avalon_jtag_uart_read.o)
 .debug_abbrev  0x0000000000000c49      0x1a8 ../bsp\libhal_bsp.a(altera_avalon_jtag_uart_write.o)
 .debug_abbrev  0x0000000000000df1      0x155 ../bsp\libhal_bsp.a(altera_avalon_timer_sc.o)
 .debug_abbrev  0x0000000000000f46      0x162 ../bsp\libhal_bsp.a(alt_alarm_start.o)
 .debug_abbrev  0x00000000000010a8      0x11f ../bsp\libhal_bsp.a(alt_close.o)
 .debug_abbrev  0x00000000000011c7       0x42 ../bsp\libhal_bsp.a(alt_dcache_flush_all.o)
 .debug_abbrev  0x0000000000001209       0xd9 ../bsp\libhal_bsp.a(alt_dev.o)
 .debug_abbrev  0x00000000000012e2      0x114 ../bsp\libhal_bsp.a(alt_dev_llist_insert.o)
 .debug_abbrev  0x00000000000013f6       0x79 ../bsp\libhal_bsp.a(alt_do_ctors.o)
 .debug_abbrev  0x000000000000146f       0x79 ../bsp\libhal_bsp.a(alt_do_dtors.o)
 .debug_abbrev  0x00000000000014e8       0x5a ../bsp\libhal_bsp.a(alt_errno.o)
 .debug_abbrev  0x0000000000001542       0x42 ../bsp\libhal_bsp.a(alt_icache_flush_all.o)
 .debug_abbrev  0x0000000000001584      0x163 ../bsp\libhal_bsp.a(alt_iic.o)
 .debug_abbrev  0x00000000000016e7      0x169 ../bsp\libhal_bsp.a(alt_iic_isr_register.o)
 .debug_abbrev  0x0000000000001850      0x114 ../bsp\libhal_bsp.a(alt_io_redirect.o)
 .debug_abbrev  0x0000000000001964       0x12 ../bsp\libhal_bsp.a(alt_irq_entry.o)
 .debug_abbrev  0x0000000000001976      0x122 ../bsp\libhal_bsp.a(alt_irq_handler.o)
 .debug_abbrev  0x0000000000001a98      0x148 ../bsp\libhal_bsp.a(alt_open.o)
 .debug_abbrev  0x0000000000001be0       0xde ../bsp\libhal_bsp.a(alt_release_fd.o)
 .debug_abbrev  0x0000000000001cbe      0x15a ../bsp\libhal_bsp.a(alt_tick.o)
 .debug_abbrev  0x0000000000001e18       0x42 ../bsp\libhal_bsp.a(altera_nios2_gen2_irq.o)
 .debug_abbrev  0x0000000000001e5a       0x12 ../bsp\libhal_bsp.a(alt_exception_entry.o)
 .debug_abbrev  0x0000000000001e6c       0xf0 ../bsp\libhal_bsp.a(alt_find_dev.o)
 .debug_abbrev  0x0000000000001f5c       0xf0 ../bsp\libhal_bsp.a(alt_find_file.o)
 .debug_abbrev  0x000000000000204c      0x10d ../bsp\libhal_bsp.a(alt_get_fd.o)
 .debug_abbrev  0x0000000000002159       0xdc ../bsp\libhal_bsp.a(alt_instruction_exception_entry.o)
 .debug_abbrev  0x0000000000002235       0xaa c:/intelfpga_lite/18.1/nios2eds/bin/gnu/h-x86_64-mingw32/bin/../lib/gcc/nios2-elf/5.3.0/../../../../../H-x86_64-mingw32/nios2-elf/lib/mno-hw-mul\libc.a(lib_a-atexit.o)
 .debug_abbrev  0x00000000000022df      0x1e5 c:/intelfpga_lite/18.1/nios2eds/bin/gnu/h-x86_64-mingw32/bin/../lib/gcc/nios2-elf/5.3.0/../../../../../H-x86_64-mingw32/nios2-elf/lib/mno-hw-mul\libc.a(lib_a-exit.o)
 .debug_abbrev  0x00000000000024c4      0x18f c:/intelfpga_lite/18.1/nios2eds/bin/gnu/h-x86_64-mingw32/bin/../lib/gcc/nios2-elf/5.3.0/../../../../../H-x86_64-mingw32/nios2-elf/lib/mno-hw-mul\libc.a(lib_a-impure.o)
 .debug_abbrev  0x0000000000002653       0x37 c:/intelfpga_lite/18.1/nios2eds/bin/gnu/h-x86_64-mingw32/bin/../lib/gcc/nios2-elf/5.3.0/../../../../../H-x86_64-mingw32/nios2-elf/lib/mno-hw-mul\libc.a(lib_a-int_errno.o)
 .debug_abbrev  0x000000000000268a       0x7f c:/intelfpga_lite/18.1/nios2eds/bin/gnu/h-x86_64-mingw32/bin/../lib/gcc/nios2-elf/5.3.0/../../../../../H-x86_64-mingw32/nios2-elf/lib/mno-hw-mul\libc.a(lib_a-memcmp.o)
 .debug_abbrev  0x0000000000002709       0xa3 c:/intelfpga_lite/18.1/nios2eds/bin/gnu/h-x86_64-mingw32/bin/../lib/gcc/nios2-elf/5.3.0/../../../../../H-x86_64-mingw32/nios2-elf/lib/mno-hw-mul\libc.a(lib_a-memcpy.o)
 .debug_abbrev  0x00000000000027ac       0x90 c:/intelfpga_lite/18.1/nios2eds/bin/gnu/h-x86_64-mingw32/bin/../lib/gcc/nios2-elf/5.3.0/../../../../../H-x86_64-mingw32/nios2-elf/lib/mno-hw-mul\libc.a(lib_a-strlen.o)
 .debug_abbrev  0x000000000000283c      0x21e c:/intelfpga_lite/18.1/nios2eds/bin/gnu/h-x86_64-mingw32/bin/../lib/gcc/nios2-elf/5.3.0/../../../../../H-x86_64-mingw32/nios2-elf/lib/mno-hw-mul\libc.a(lib_a-__atexit.o)
 .debug_abbrev  0x0000000000002a5a      0x22e c:/intelfpga_lite/18.1/nios2eds/bin/gnu/h-x86_64-mingw32/bin/../lib/gcc/nios2-elf/5.3.0/../../../../../H-x86_64-mingw32/nios2-elf/lib/mno-hw-mul\libc.a(lib_a-__call_atexit.o)
 .debug_abbrev  0x0000000000002c88       0x6f c:/intelfpga_lite/18.1/nios2eds/bin/gnu/h-x86_64-mingw32/bin/../lib/gcc/nios2-elf/5.3.0/mno-hw-mul\libgcc.a(lib2-mul.o)
 .debug_abbrev  0x0000000000002cf7       0xa9 ../bsp\libhal_bsp.a(alt_exit.o)

.debug_line     0x0000000000000000     0x2d99
 *(.debug_line)
 .debug_line    0x0000000000000000       0x66 ../bsp/obj/HAL/src/crt0.o
 .debug_line    0x0000000000000066      0x114 obj/default/main.o
 .debug_line    0x000000000000017a      0x105 c:/intelfpga_lite/18.1/nios2eds/bin/gnu/h-x86_64-mingw32/bin/../lib/gcc/nios2-elf/5.3.0/mno-hw-mul\libgcc.a(lib2-divmod.o)
 .debug_line    0x000000000000027f      0x155 ../bsp\libhal_bsp.a(alt_irq_register.o)
 .debug_line    0x00000000000003d4       0x50 ../bsp\libhal_bsp.a(alt_irq_vars.o)
 .debug_line    0x0000000000000424       0x8e ../bsp\libhal_bsp.a(alt_load.o)
 .debug_line    0x00000000000004b2       0xa4 ../bsp\libhal_bsp.a(alt_main.o)
 .debug_line    0x0000000000000556      0x151 ../bsp\libhal_bsp.a(alt_sys_init.o)
 .debug_line    0x00000000000006a7      0x12f ../bsp\libhal_bsp.a(altera_avalon_jtag_uart_fd.o)
 .debug_line    0x00000000000007d6      0x18b ../bsp\libhal_bsp.a(altera_avalon_jtag_uart_init.o)
 .debug_line    0x0000000000000961      0x131 ../bsp\libhal_bsp.a(altera_avalon_jtag_uart_ioctl.o)
 .debug_line    0x0000000000000a92      0x171 ../bsp\libhal_bsp.a(altera_avalon_jtag_uart_read.o)
 .debug_line    0x0000000000000c03      0x170 ../bsp\libhal_bsp.a(altera_avalon_jtag_uart_write.o)
 .debug_line    0x0000000000000d73       0xfd ../bsp\libhal_bsp.a(altera_avalon_timer_sc.o)
 .debug_line    0x0000000000000e70       0xf9 ../bsp\libhal_bsp.a(alt_alarm_start.o)
 .debug_line    0x0000000000000f69      0x165 ../bsp\libhal_bsp.a(alt_close.o)
 .debug_line    0x00000000000010ce       0x51 ../bsp\libhal_bsp.a(alt_dcache_flush_all.o)
 .debug_line    0x000000000000111f       0xf8 ../bsp\libhal_bsp.a(alt_dev.o)
 .debug_line    0x0000000000001217       0xcf ../bsp\libhal_bsp.a(alt_dev_llist_insert.o)
 .debug_line    0x00000000000012e6       0x59 ../bsp\libhal_bsp.a(alt_do_ctors.o)
 .debug_line    0x000000000000133f       0x59 ../bsp\libhal_bsp.a(alt_do_dtors.o)
 .debug_line    0x0000000000001398       0x51 ../bsp\libhal_bsp.a(alt_errno.o)
 .debug_line    0x00000000000013e9       0x4f ../bsp\libhal_bsp.a(alt_icache_flush_all.o)
 .debug_line    0x0000000000001438       0xeb ../bsp\libhal_bsp.a(alt_iic.o)
 .debug_line    0x0000000000001523       0xdb ../bsp\libhal_bsp.a(alt_iic_isr_register.o)
 .debug_line    0x00000000000015fe      0x135 ../bsp\libhal_bsp.a(alt_io_redirect.o)
 .debug_line    0x0000000000001733       0x6b ../bsp\libhal_bsp.a(alt_irq_entry.o)
 .debug_line    0x000000000000179e       0xaa ../bsp\libhal_bsp.a(alt_irq_handler.o)
 .debug_line    0x0000000000001848      0x12b ../bsp\libhal_bsp.a(alt_open.o)
 .debug_line    0x0000000000001973       0xb0 ../bsp\libhal_bsp.a(alt_release_fd.o)
 .debug_line    0x0000000000001a23       0xff ../bsp\libhal_bsp.a(alt_tick.o)
 .debug_line    0x0000000000001b22       0x51 ../bsp\libhal_bsp.a(altera_nios2_gen2_irq.o)
 .debug_line    0x0000000000001b73       0xb3 ../bsp\libhal_bsp.a(alt_exception_entry.o)
 .debug_line    0x0000000000001c26       0xb5 ../bsp\libhal_bsp.a(alt_find_dev.o)
 .debug_line    0x0000000000001cdb       0xd1 ../bsp\libhal_bsp.a(alt_find_file.o)
 .debug_line    0x0000000000001dac       0xd7 ../bsp\libhal_bsp.a(alt_get_fd.o)
 .debug_line    0x0000000000001e83       0xb9 ../bsp\libhal_bsp.a(alt_instruction_exception_entry.o)
 .debug_line    0x0000000000001f3c       0xe7 c:/intelfpga_lite/18.1/nios2eds/bin/gnu/h-x86_64-mingw32/bin/../lib/gcc/nios2-elf/5.3.0/../../../../../H-x86_64-mingw32/nios2-elf/lib/mno-hw-mul\libc.a(lib_a-atexit.o)
 .debug_line    0x0000000000002023      0x1fc c:/intelfpga_lite/18.1/nios2eds/bin/gnu/h-x86_64-mingw32/bin/../lib/gcc/nios2-elf/5.3.0/../../../../../H-x86_64-mingw32/nios2-elf/lib/mno-hw-mul\libc.a(lib_a-exit.o)
 .debug_line    0x000000000000221f      0x160 c:/intelfpga_lite/18.1/nios2eds/bin/gnu/h-x86_64-mingw32/bin/../lib/gcc/nios2-elf/5.3.0/../../../../../H-x86_64-mingw32/nios2-elf/lib/mno-hw-mul\libc.a(lib_a-impure.o)
 .debug_line    0x000000000000237f       0x5f c:/intelfpga_lite/18.1/nios2eds/bin/gnu/h-x86_64-mingw32/bin/../lib/gcc/nios2-elf/5.3.0/../../../../../H-x86_64-mingw32/nios2-elf/lib/mno-hw-mul\libc.a(lib_a-int_errno.o)
 .debug_line    0x00000000000023de      0x176 c:/intelfpga_lite/18.1/nios2eds/bin/gnu/h-x86_64-mingw32/bin/../lib/gcc/nios2-elf/5.3.0/../../../../../H-x86_64-mingw32/nios2-elf/lib/mno-hw-mul\libc.a(lib_a-memcmp.o)
 .debug_line    0x0000000000002554      0x18c c:/intelfpga_lite/18.1/nios2eds/bin/gnu/h-x86_64-mingw32/bin/../lib/gcc/nios2-elf/5.3.0/../../../../../H-x86_64-mingw32/nios2-elf/lib/mno-hw-mul\libc.a(lib_a-memcpy.o)
 .debug_line    0x00000000000026e0      0x16f c:/intelfpga_lite/18.1/nios2eds/bin/gnu/h-x86_64-mingw32/bin/../lib/gcc/nios2-elf/5.3.0/../../../../../H-x86_64-mingw32/nios2-elf/lib/mno-hw-mul\libc.a(lib_a-strlen.o)
 .debug_line    0x000000000000284f      0x21f c:/intelfpga_lite/18.1/nios2eds/bin/gnu/h-x86_64-mingw32/bin/../lib/gcc/nios2-elf/5.3.0/../../../../../H-x86_64-mingw32/nios2-elf/lib/mno-hw-mul\libc.a(lib_a-__atexit.o)
 .debug_line    0x0000000000002a6e      0x23a c:/intelfpga_lite/18.1/nios2eds/bin/gnu/h-x86_64-mingw32/bin/../lib/gcc/nios2-elf/5.3.0/../../../../../H-x86_64-mingw32/nios2-elf/lib/mno-hw-mul\libc.a(lib_a-__call_atexit.o)
 .debug_line    0x0000000000002ca8       0x80 c:/intelfpga_lite/18.1/nios2eds/bin/gnu/h-x86_64-mingw32/bin/../lib/gcc/nios2-elf/5.3.0/mno-hw-mul\libgcc.a(lib2-mul.o)
 .debug_line    0x0000000000002d28       0x71 ../bsp\libhal_bsp.a(alt_exit.o)

.debug_frame    0x0000000000000000      0xbb0
 *(.debug_frame)
 .debug_frame   0x0000000000000000       0x54 obj/default/main.o
 .debug_frame   0x0000000000000054       0x50 c:/intelfpga_lite/18.1/nios2eds/bin/gnu/h-x86_64-mingw32/bin/../lib/gcc/nios2-elf/5.3.0/mno-hw-mul\libgcc.a(lib2-divmod.o)
 .debug_frame   0x00000000000000a4       0x34 ../bsp\libhal_bsp.a(alt_irq_register.o)
 .debug_frame   0x00000000000000d8       0x5c ../bsp\libhal_bsp.a(alt_load.o)
 .debug_frame   0x0000000000000134       0x2c ../bsp\libhal_bsp.a(alt_main.o)
 .debug_frame   0x0000000000000160       0x88 ../bsp\libhal_bsp.a(alt_sys_init.o)
 .debug_frame   0x00000000000001e8       0xb0 ../bsp\libhal_bsp.a(altera_avalon_jtag_uart_fd.o)
 .debug_frame   0x0000000000000298       0xa4 ../bsp\libhal_bsp.a(altera_avalon_jtag_uart_init.o)
 .debug_frame   0x000000000000033c       0x34 ../bsp\libhal_bsp.a(altera_avalon_jtag_uart_ioctl.o)
 .debug_frame   0x0000000000000370       0x38 ../bsp\libhal_bsp.a(altera_avalon_jtag_uart_read.o)
 .debug_frame   0x00000000000003a8       0x38 ../bsp\libhal_bsp.a(altera_avalon_jtag_uart_write.o)
 .debug_frame   0x00000000000003e0       0x60 ../bsp\libhal_bsp.a(altera_avalon_timer_sc.o)
 .debug_frame   0x0000000000000440       0x34 ../bsp\libhal_bsp.a(alt_alarm_start.o)
 .debug_frame   0x0000000000000474       0x60 ../bsp\libhal_bsp.a(alt_close.o)
 .debug_frame   0x00000000000004d4       0x34 ../bsp\libhal_bsp.a(alt_dcache_flush_all.o)
 .debug_frame   0x0000000000000508       0x34 ../bsp\libhal_bsp.a(alt_dev.o)
 .debug_frame   0x000000000000053c       0x60 ../bsp\libhal_bsp.a(alt_dev_llist_insert.o)
 .debug_frame   0x000000000000059c       0x38 ../bsp\libhal_bsp.a(alt_do_ctors.o)
 .debug_frame   0x00000000000005d4       0x38 ../bsp\libhal_bsp.a(alt_do_dtors.o)
 .debug_frame   0x000000000000060c       0x34 ../bsp\libhal_bsp.a(alt_icache_flush_all.o)
 .debug_frame   0x0000000000000640       0xa4 ../bsp\libhal_bsp.a(alt_iic.o)
 .debug_frame   0x00000000000006e4       0x38 ../bsp\libhal_bsp.a(alt_iic_isr_register.o)
 .debug_frame   0x000000000000071c       0x64 ../bsp\libhal_bsp.a(alt_io_redirect.o)
 .debug_frame   0x0000000000000780       0x38 ../bsp\libhal_bsp.a(alt_irq_handler.o)
 .debug_frame   0x00000000000007b8       0x8c ../bsp\libhal_bsp.a(alt_open.o)
 .debug_frame   0x0000000000000844       0x3c ../bsp\libhal_bsp.a(alt_release_fd.o)
 .debug_frame   0x0000000000000880       0x5c ../bsp\libhal_bsp.a(alt_tick.o)
 .debug_frame   0x00000000000008dc       0x34 ../bsp\libhal_bsp.a(altera_nios2_gen2_irq.o)
 .debug_frame   0x0000000000000910       0x38 ../bsp\libhal_bsp.a(alt_find_dev.o)
 .debug_frame   0x0000000000000948       0x38 ../bsp\libhal_bsp.a(alt_find_file.o)
 .debug_frame   0x0000000000000980       0x3c ../bsp\libhal_bsp.a(alt_get_fd.o)
 .debug_frame   0x00000000000009bc       0x5c ../bsp\libhal_bsp.a(alt_instruction_exception_entry.o)
 .debug_frame   0x0000000000000a18       0x20 c:/intelfpga_lite/18.1/nios2eds/bin/gnu/h-x86_64-mingw32/bin/../lib/gcc/nios2-elf/5.3.0/../../../../../H-x86_64-mingw32/nios2-elf/lib/mno-hw-mul\libc.a(lib_a-atexit.o)
 .debug_frame   0x0000000000000a38       0x28 c:/intelfpga_lite/18.1/nios2eds/bin/gnu/h-x86_64-mingw32/bin/../lib/gcc/nios2-elf/5.3.0/../../../../../H-x86_64-mingw32/nios2-elf/lib/mno-hw-mul\libc.a(lib_a-exit.o)
 .debug_frame   0x0000000000000a60       0x20 c:/intelfpga_lite/18.1/nios2eds/bin/gnu/h-x86_64-mingw32/bin/../lib/gcc/nios2-elf/5.3.0/../../../../../H-x86_64-mingw32/nios2-elf/lib/mno-hw-mul\libc.a(lib_a-memcmp.o)
 .debug_frame   0x0000000000000a80       0x38 c:/intelfpga_lite/18.1/nios2eds/bin/gnu/h-x86_64-mingw32/bin/../lib/gcc/nios2-elf/5.3.0/../../../../../H-x86_64-mingw32/nios2-elf/lib/mno-hw-mul\libc.a(lib_a-memcpy.o)
 .debug_frame   0x0000000000000ab8       0x20 c:/intelfpga_lite/18.1/nios2eds/bin/gnu/h-x86_64-mingw32/bin/../lib/gcc/nios2-elf/5.3.0/../../../../../H-x86_64-mingw32/nios2-elf/lib/mno-hw-mul\libc.a(lib_a-strlen.o)
 .debug_frame   0x0000000000000ad8       0x38 c:/intelfpga_lite/18.1/nios2eds/bin/gnu/h-x86_64-mingw32/bin/../lib/gcc/nios2-elf/5.3.0/../../../../../H-x86_64-mingw32/nios2-elf/lib/mno-hw-mul\libc.a(lib_a-__atexit.o)
 .debug_frame   0x0000000000000b10       0x54 c:/intelfpga_lite/18.1/nios2eds/bin/gnu/h-x86_64-mingw32/bin/../lib/gcc/nios2-elf/5.3.0/../../../../../H-x86_64-mingw32/nios2-elf/lib/mno-hw-mul\libc.a(lib_a-__call_atexit.o)
 .debug_frame   0x0000000000000b64       0x20 c:/intelfpga_lite/18.1/nios2eds/bin/gnu/h-x86_64-mingw32/bin/../lib/gcc/nios2-elf/5.3.0/mno-hw-mul\libgcc.a(lib2-mul.o)
 .debug_frame   0x0000000000000b84       0x2c ../bsp\libhal_bsp.a(alt_exit.o)

.debug_str      0x0000000000000000     0x1d06
 *(.debug_str)
 .debug_str     0x0000000000000000      0x194 obj/default/main.o
                                        0x1e6 (size before relaxing)
 .debug_str     0x0000000000000194      0x187 c:/intelfpga_lite/18.1/nios2eds/bin/gnu/h-x86_64-mingw32/bin/../lib/gcc/nios2-elf/5.3.0/mno-hw-mul\libgcc.a(lib2-divmod.o)
                                        0x1d2 (size before relaxing)
 .debug_str     0x000000000000031b      0x107 ../bsp\libhal_bsp.a(alt_irq_register.o)
                                        0x217 (size before relaxing)
 .debug_str     0x0000000000000422       0x17 ../bsp\libhal_bsp.a(alt_irq_vars.o)
                                        0x149 (size before relaxing)
 .debug_str     0x0000000000000439       0xe9 ../bsp\libhal_bsp.a(alt_load.o)
                                        0x221 (size before relaxing)
 .debug_str     0x0000000000000522       0x44 ../bsp\libhal_bsp.a(alt_main.o)
                                        0x1ac (size before relaxing)
 .debug_str     0x0000000000000566      0x1d3 ../bsp\libhal_bsp.a(alt_sys_init.o)
                                        0x39f (size before relaxing)
 .debug_str     0x0000000000000739       0xb9 ../bsp\libhal_bsp.a(altera_avalon_jtag_uart_fd.o)
                                        0x3b3 (size before relaxing)
 .debug_str     0x00000000000007f2       0xd1 ../bsp\libhal_bsp.a(altera_avalon_jtag_uart_init.o)
                                        0x347 (size before relaxing)
 .debug_str     0x00000000000008c3       0x4a ../bsp\libhal_bsp.a(altera_avalon_jtag_uart_ioctl.o)
                                        0x2a2 (size before relaxing)
 .debug_str     0x000000000000090d       0x48 ../bsp\libhal_bsp.a(altera_avalon_jtag_uart_read.o)
                                        0x2f7 (size before relaxing)
 .debug_str     0x0000000000000955       0x4a ../bsp\libhal_bsp.a(altera_avalon_jtag_uart_write.o)
                                        0x2f8 (size before relaxing)
 .debug_str     0x000000000000099f       0x6d ../bsp\libhal_bsp.a(altera_avalon_timer_sc.o)
                                        0x25a (size before relaxing)
 .debug_str     0x0000000000000a0c       0x59 ../bsp\libhal_bsp.a(alt_alarm_start.o)
                                        0x28d (size before relaxing)
 .debug_str     0x0000000000000a65       0x44 ../bsp\libhal_bsp.a(alt_close.o)
                                        0x21a (size before relaxing)
 .debug_str     0x0000000000000aa9       0x34 ../bsp\libhal_bsp.a(alt_dcache_flush_all.o)
                                        0x164 (size before relaxing)
 .debug_str     0x0000000000000add      0x120 ../bsp\libhal_bsp.a(alt_dev.o)
                                        0x314 (size before relaxing)
 .debug_str     0x0000000000000bfd       0x34 ../bsp\libhal_bsp.a(alt_dev_llist_insert.o)
                                        0x1db (size before relaxing)
 .debug_str     0x0000000000000c31       0x48 ../bsp\libhal_bsp.a(alt_do_ctors.o)
                                         0xdf (size before relaxing)
 .debug_str     0x0000000000000c79       0x4c ../bsp\libhal_bsp.a(alt_do_dtors.o)
                                         0xde (size before relaxing)
 .debug_str     0x0000000000000cc5       0x14 ../bsp\libhal_bsp.a(alt_errno.o)
                                        0x154 (size before relaxing)
 .debug_str     0x0000000000000cd9       0x34 ../bsp\libhal_bsp.a(alt_icache_flush_all.o)
                                        0x164 (size before relaxing)
 .debug_str     0x0000000000000d0d       0x70 ../bsp\libhal_bsp.a(alt_iic.o)
                                        0x24d (size before relaxing)
 .debug_str     0x0000000000000d7d       0x34 ../bsp\libhal_bsp.a(alt_iic_isr_register.o)
                                        0x1f7 (size before relaxing)
 .debug_str     0x0000000000000db1       0x56 ../bsp\libhal_bsp.a(alt_io_redirect.o)
                                        0x325 (size before relaxing)
 .debug_str     0x0000000000000e07       0x3a ../bsp\libhal_bsp.a(alt_irq_handler.o)
                                        0x1a6 (size before relaxing)
 .debug_str     0x0000000000000e41       0x2f ../bsp\libhal_bsp.a(alt_open.o)
                                        0x25a (size before relaxing)
 .debug_str     0x0000000000000e70       0x28 ../bsp\libhal_bsp.a(alt_release_fd.o)
                                        0x1e2 (size before relaxing)
 .debug_str     0x0000000000000e98       0x4a ../bsp\libhal_bsp.a(alt_tick.o)
                                        0x261 (size before relaxing)
 .debug_str     0x0000000000000ee2       0x3b ../bsp\libhal_bsp.a(altera_nios2_gen2_irq.o)
                                        0x16b (size before relaxing)
 .debug_str     0x0000000000000f1d       0x24 ../bsp\libhal_bsp.a(alt_find_dev.o)
                                        0x1fb (size before relaxing)
 .debug_str     0x0000000000000f41       0x26 ../bsp\libhal_bsp.a(alt_find_file.o)
                                        0x209 (size before relaxing)
 .debug_str     0x0000000000000f67       0x30 ../bsp\libhal_bsp.a(alt_get_fd.o)
                                        0x22b (size before relaxing)
 .debug_str     0x0000000000000f97      0x48b ../bsp\libhal_bsp.a(alt_instruction_exception_entry.o)
                                        0x5af (size before relaxing)
 .debug_str     0x0000000000001422      0x17c c:/intelfpga_lite/18.1/nios2eds/bin/gnu/h-x86_64-mingw32/bin/../lib/gcc/nios2-elf/5.3.0/../../../../../H-x86_64-mingw32/nios2-elf/lib/mno-hw-mul\libc.a(lib_a-atexit.o)
                                        0x221 (size before relaxing)
 .debug_str     0x000000000000159e      0x3af c:/intelfpga_lite/18.1/nios2eds/bin/gnu/h-x86_64-mingw32/bin/../lib/gcc/nios2-elf/5.3.0/../../../../../H-x86_64-mingw32/nios2-elf/lib/mno-hw-mul\libc.a(lib_a-exit.o)
                                        0x5be (size before relaxing)
 .debug_str     0x000000000000194d       0xd6 c:/intelfpga_lite/18.1/nios2eds/bin/gnu/h-x86_64-mingw32/bin/../lib/gcc/nios2-elf/5.3.0/../../../../../H-x86_64-mingw32/nios2-elf/lib/mno-hw-mul\libc.a(lib_a-impure.o)
                                        0x5b5 (size before relaxing)
 .debug_str     0x0000000000001a23       0x3f c:/intelfpga_lite/18.1/nios2eds/bin/gnu/h-x86_64-mingw32/bin/../lib/gcc/nios2-elf/5.3.0/../../../../../H-x86_64-mingw32/nios2-elf/lib/mno-hw-mul\libc.a(lib_a-int_errno.o)
                                        0x1dd (size before relaxing)
 .debug_str     0x0000000000001a62       0xda c:/intelfpga_lite/18.1/nios2eds/bin/gnu/h-x86_64-mingw32/bin/../lib/gcc/nios2-elf/5.3.0/../../../../../H-x86_64-mingw32/nios2-elf/lib/mno-hw-mul\libc.a(lib_a-memcmp.o)
                                        0x1e4 (size before relaxing)
 .debug_str     0x0000000000001b3c       0x6b c:/intelfpga_lite/18.1/nios2eds/bin/gnu/h-x86_64-mingw32/bin/../lib/gcc/nios2-elf/5.3.0/../../../../../H-x86_64-mingw32/nios2-elf/lib/mno-hw-mul\libc.a(lib_a-memcpy.o)
                                        0x20b (size before relaxing)
 .debug_str     0x0000000000001ba7       0x51 c:/intelfpga_lite/18.1/nios2eds/bin/gnu/h-x86_64-mingw32/bin/../lib/gcc/nios2-elf/5.3.0/../../../../../H-x86_64-mingw32/nios2-elf/lib/mno-hw-mul\libc.a(lib_a-strlen.o)
                                        0x1f7 (size before relaxing)
 .debug_str     0x0000000000001bf8       0x3f c:/intelfpga_lite/18.1/nios2eds/bin/gnu/h-x86_64-mingw32/bin/../lib/gcc/nios2-elf/5.3.0/../../../../../H-x86_64-mingw32/nios2-elf/lib/mno-hw-mul\libc.a(lib_a-__atexit.o)
                                        0x5f6 (size before relaxing)
 .debug_str     0x0000000000001c37       0x65 c:/intelfpga_lite/18.1/nios2eds/bin/gnu/h-x86_64-mingw32/bin/../lib/gcc/nios2-elf/5.3.0/../../../../../H-x86_64-mingw32/nios2-elf/lib/mno-hw-mul\libc.a(lib_a-__call_atexit.o)
                                        0x5e2 (size before relaxing)
 .debug_str     0x0000000000001c9c       0x40 c:/intelfpga_lite/18.1/nios2eds/bin/gnu/h-x86_64-mingw32/bin/../lib/gcc/nios2-elf/5.3.0/mno-hw-mul\libgcc.a(lib2-mul.o)
                                        0x193 (size before relaxing)
 .debug_str     0x0000000000001cdc       0x2a ../bsp\libhal_bsp.a(alt_exit.o)
                                        0x160 (size before relaxing)

.debug_loc      0x0000000000000000      0xcd1
 *(.debug_loc)
 .debug_loc     0x0000000000000000      0x4ce c:/intelfpga_lite/18.1/nios2eds/bin/gnu/h-x86_64-mingw32/bin/../lib/gcc/nios2-elf/5.3.0/mno-hw-mul\libgcc.a(lib2-divmod.o)
 .debug_loc     0x00000000000004ce       0x2c c:/intelfpga_lite/18.1/nios2eds/bin/gnu/h-x86_64-mingw32/bin/../lib/gcc/nios2-elf/5.3.0/../../../../../H-x86_64-mingw32/nios2-elf/lib/mno-hw-mul\libc.a(lib_a-atexit.o)
 .debug_loc     0x00000000000004fa       0x1e c:/intelfpga_lite/18.1/nios2eds/bin/gnu/h-x86_64-mingw32/bin/../lib/gcc/nios2-elf/5.3.0/../../../../../H-x86_64-mingw32/nios2-elf/lib/mno-hw-mul\libc.a(lib_a-exit.o)
 .debug_loc     0x0000000000000518      0x126 c:/intelfpga_lite/18.1/nios2eds/bin/gnu/h-x86_64-mingw32/bin/../lib/gcc/nios2-elf/5.3.0/../../../../../H-x86_64-mingw32/nios2-elf/lib/mno-hw-mul\libc.a(lib_a-memcmp.o)
 .debug_loc     0x000000000000063e      0x266 c:/intelfpga_lite/18.1/nios2eds/bin/gnu/h-x86_64-mingw32/bin/../lib/gcc/nios2-elf/5.3.0/../../../../../H-x86_64-mingw32/nios2-elf/lib/mno-hw-mul\libc.a(lib_a-memcpy.o)
 .debug_loc     0x00000000000008a4       0x47 c:/intelfpga_lite/18.1/nios2eds/bin/gnu/h-x86_64-mingw32/bin/../lib/gcc/nios2-elf/5.3.0/../../../../../H-x86_64-mingw32/nios2-elf/lib/mno-hw-mul\libc.a(lib_a-strlen.o)
 .debug_loc     0x00000000000008eb      0x185 c:/intelfpga_lite/18.1/nios2eds/bin/gnu/h-x86_64-mingw32/bin/../lib/gcc/nios2-elf/5.3.0/../../../../../H-x86_64-mingw32/nios2-elf/lib/mno-hw-mul\libc.a(lib_a-__atexit.o)
 .debug_loc     0x0000000000000a70      0x1ce c:/intelfpga_lite/18.1/nios2eds/bin/gnu/h-x86_64-mingw32/bin/../lib/gcc/nios2-elf/5.3.0/../../../../../H-x86_64-mingw32/nios2-elf/lib/mno-hw-mul\libc.a(lib_a-__call_atexit.o)
 .debug_loc     0x0000000000000c3e       0x93 c:/intelfpga_lite/18.1/nios2eds/bin/gnu/h-x86_64-mingw32/bin/../lib/gcc/nios2-elf/5.3.0/mno-hw-mul\libgcc.a(lib2-mul.o)

.debug_macinfo
 *(.debug_macinfo)

.debug_weaknames
 *(.debug_weaknames)

.debug_funcnames
 *(.debug_funcnames)

.debug_typenames
 *(.debug_typenames)

.debug_varnames
 *(.debug_varnames)

.debug_alt_sim_info
                0x0000000000000000       0x10
 *(.debug_alt_sim_info)
 .debug_alt_sim_info
                0x0000000000000000       0x10 ../bsp/obj/HAL/src/crt0.o
                0x0000000000019c40                __alt_data_end = 0x19c40
                0x0000000000019c40                PROVIDE (__alt_stack_pointer, __alt_data_end)
                [!provide]                        PROVIDE (__alt_stack_limit, __alt_stack_base)
                [!provide]                        PROVIDE (__alt_heap_start, end)
                [!provide]                        PROVIDE (__alt_heap_limit, 0x19c40)
OUTPUT(exec_name.elf elf32-littlenios2)

.debug_ranges   0x0000000000000000      0x1d8
 .debug_ranges  0x0000000000000000       0x20 ../bsp/obj/HAL/src/crt0.o
 .debug_ranges  0x0000000000000020       0x60 c:/intelfpga_lite/18.1/nios2eds/bin/gnu/h-x86_64-mingw32/bin/../lib/gcc/nios2-elf/5.3.0/mno-hw-mul\libgcc.a(lib2-divmod.o)
 .debug_ranges  0x0000000000000080       0x30 ../bsp\libhal_bsp.a(altera_avalon_jtag_uart_init.o)
 .debug_ranges  0x00000000000000b0       0x18 ../bsp\libhal_bsp.a(altera_avalon_jtag_uart_read.o)
 .debug_ranges  0x00000000000000c8       0x28 ../bsp\libhal_bsp.a(alt_irq_entry.o)
 .debug_ranges  0x00000000000000f0       0x10 ../bsp\libhal_bsp.a(alt_irq_handler.o)
 .debug_ranges  0x0000000000000100       0x30 ../bsp\libhal_bsp.a(alt_exception_entry.o)
 .debug_ranges  0x0000000000000130       0x18 ../bsp\libhal_bsp.a(alt_instruction_exception_entry.o)
 .debug_ranges  0x0000000000000148       0x10 c:/intelfpga_lite/18.1/nios2eds/bin/gnu/h-x86_64-mingw32/bin/../lib/gcc/nios2-elf/5.3.0/../../../../../H-x86_64-mingw32/nios2-elf/lib/mno-hw-mul\libc.a(lib_a-atexit.o)
 .debug_ranges  0x0000000000000158       0x10 c:/intelfpga_lite/18.1/nios2eds/bin/gnu/h-x86_64-mingw32/bin/../lib/gcc/nios2-elf/5.3.0/../../../../../H-x86_64-mingw32/nios2-elf/lib/mno-hw-mul\libc.a(lib_a-exit.o)
 .debug_ranges  0x0000000000000168       0x10 c:/intelfpga_lite/18.1/nios2eds/bin/gnu/h-x86_64-mingw32/bin/../lib/gcc/nios2-elf/5.3.0/../../../../../H-x86_64-mingw32/nios2-elf/lib/mno-hw-mul\libc.a(lib_a-memcmp.o)
 .debug_ranges  0x0000000000000178       0x10 c:/intelfpga_lite/18.1/nios2eds/bin/gnu/h-x86_64-mingw32/bin/../lib/gcc/nios2-elf/5.3.0/../../../../../H-x86_64-mingw32/nios2-elf/lib/mno-hw-mul\libc.a(lib_a-memcpy.o)
 .debug_ranges  0x0000000000000188       0x10 c:/intelfpga_lite/18.1/nios2eds/bin/gnu/h-x86_64-mingw32/bin/../lib/gcc/nios2-elf/5.3.0/../../../../../H-x86_64-mingw32/nios2-elf/lib/mno-hw-mul\libc.a(lib_a-strlen.o)
 .debug_ranges  0x0000000000000198       0x10 c:/intelfpga_lite/18.1/nios2eds/bin/gnu/h-x86_64-mingw32/bin/../lib/gcc/nios2-elf/5.3.0/../../../../../H-x86_64-mingw32/nios2-elf/lib/mno-hw-mul\libc.a(lib_a-__atexit.o)
 .debug_ranges  0x00000000000001a8       0x30 c:/intelfpga_lite/18.1/nios2eds/bin/gnu/h-x86_64-mingw32/bin/../lib/gcc/nios2-elf/5.3.0/../../../../../H-x86_64-mingw32/nios2-elf/lib/mno-hw-mul\libc.a(lib_a-__call_atexit.o)
